node_modules/react-dom/cjs/react-dom-client.development.js(15,18): error TS2591: Cannot find name 'process'. Do you need to install type definitions for node? Try `npm i --save-dev @types/node` and then add 'node' to the types field in your tsconfig.
node_modules/react-dom/cjs/react-dom-client.development.js(536,41): error TS2339: Property 'prepareStackTrace' does not exist on type 'ErrorConstructor'.
node_modules/react-dom/cjs/react-dom-client.development.js(537,13): error TS2339: Property 'prepareStackTrace' does not exist on type 'ErrorConstructor'.
node_modules/react-dom/cjs/react-dom-client.development.js(539,13): error TS2339: Property 'prepareStackTrace' does not exist on type 'ErrorConstructor'.
node_modules/react-dom/cjs/react-dom-client.development.js(577,21): error TS2339: Property 'prepareStackTrace' does not exist on type 'ErrorConstructor'.
node_modules/react-dom/cjs/react-dom-client.development.js(578,13): error TS2339: Property 'prepareStackTrace' does not exist on type 'ErrorConstructor'.
node_modules/react-dom/cjs/react-dom-client.development.js(618,46): error TS2339: Property 'catch' does not exist on type 'typeof Fake'.
node_modules/react-dom/cjs/react-dom-client.development.js(619,24): error TS2339: Property 'catch' does not exist on type 'typeof Fake'.
node_modules/react-dom/cjs/react-dom-client.development.js(628,52): error TS2339: Property 'displayName' does not exist on type '() => any[]'.
node_modules/react-dom/cjs/react-dom-client.development.js(649,13): error TS2322: Type 'number' is not assignable to type 'any[]'.
node_modules/react-dom/cjs/react-dom-client.development.js(649,37): error TS2559: Type '0' has no properties in common with type 'PropertyDescriptor'.
node_modules/react-dom/cjs/react-dom-client.development.js(651,26): error TS2538: Type 'PropertyDescriptor' cannot be used as an index type.
node_modules/react-dom/cjs/react-dom-client.development.js(656,13): error TS2356: An arithmetic operand must be of type 'any', 'number', 'bigint' or an enum type.
node_modules/react-dom/cjs/react-dom-client.development.js(660,27): error TS2538: Type 'any[]' cannot be used as an index type.
node_modules/react-dom/cjs/react-dom-client.development.js(665,13): error TS2356: An arithmetic operand must be of type 'any', 'number', 'bigint' or an enum type.
node_modules/react-dom/cjs/react-dom-client.development.js(671,15): error TS2559: Type 'number' has no properties in common with type 'PropertyDescriptor'.
node_modules/react-dom/cjs/react-dom-client.development.js(672,17): error TS2322: Type 'number' is not assignable to type 'any[]'.
node_modules/react-dom/cjs/react-dom-client.development.js(673,15): error TS2365: Operator '<=' cannot be applied to types 'number' and 'PropertyDescriptor'.
node_modules/react-dom/cjs/react-dom-client.development.js(674,15): error TS2365: Operator '<=' cannot be applied to types 'number' and 'any[]'.
node_modules/react-dom/cjs/react-dom-client.development.js(675,27): error TS2538: Type 'PropertyDescriptor' cannot be used as an index type.
node_modules/react-dom/cjs/react-dom-client.development.js(676,30): error TS2538: Type 'any[]' cannot be used as an index type.
node_modules/react-dom/cjs/react-dom-client.development.js(679,15): error TS2356: An arithmetic operand must be of type 'any', 'number', 'bigint' or an enum type.
node_modules/react-dom/cjs/react-dom-client.development.js(682,13): error TS2365: Operator '<=' cannot be applied to types 'number' and 'PropertyDescriptor'.
node_modules/react-dom/cjs/react-dom-client.development.js(682,40): error TS2365: Operator '<=' cannot be applied to types 'number' and 'any[]'.
node_modules/react-dom/cjs/react-dom-client.development.js(683,13): error TS2356: An arithmetic operand must be of type 'any', 'number', 'bigint' or an enum type.
node_modules/react-dom/cjs/react-dom-client.development.js(683,35): error TS2356: An arithmetic operand must be of type 'any', 'number', 'bigint' or an enum type.
node_modules/react-dom/cjs/react-dom-client.development.js(686,27): error TS2538: Type 'PropertyDescriptor' cannot be used as an index type.
node_modules/react-dom/cjs/react-dom-client.development.js(687,28): error TS2538: Type 'any[]' cannot be used as an index type.
node_modules/react-dom/cjs/react-dom-client.development.js(689,19): error TS2367: This comparison appears to be unintentional because the types '1' and 'PropertyDescriptor' have no overlap.
node_modules/react-dom/cjs/react-dom-client.development.js(689,47): error TS2367: This comparison appears to be unintentional because the types 'number' and 'any[]' have no overlap.
node_modules/react-dom/cjs/react-dom-client.development.js(692,22): error TS2356: An arithmetic operand must be of type 'any', 'number', 'bigint' or an enum type.
node_modules/react-dom/cjs/react-dom-client.development.js(693,21): error TS2356: An arithmetic operand must be of type 'any', 'number', 'bigint' or an enum type.
node_modules/react-dom/cjs/react-dom-client.development.js(694,21): error TS2365: Operator '>' cannot be applied to types 'number' and 'any[]'.
node_modules/react-dom/cjs/react-dom-client.development.js(695,35): error TS2538: Type 'PropertyDescriptor' cannot be used as an index type.
node_modules/react-dom/cjs/react-dom-client.development.js(696,38): error TS2538: Type 'any[]' cannot be used as an index type.
node_modules/react-dom/cjs/react-dom-client.development.js(700,35): error TS2538: Type 'PropertyDescriptor' cannot be used as an index type.
node_modules/react-dom/cjs/react-dom-client.development.js(711,24): error TS2365: Operator '<=' cannot be applied to types 'number' and 'PropertyDescriptor'.
node_modules/react-dom/cjs/react-dom-client.development.js(711,51): error TS2365: Operator '<=' cannot be applied to types 'number' and 'any[]'.
node_modules/react-dom/cjs/react-dom-client.development.js(720,18): error TS2339: Property 'prepareStackTrace' does not exist on type 'ErrorConstructor'.
node_modules/react-dom/cjs/react-dom-client.development.js(940,34): error TS2304: Cannot find name '__REACT_DEVTOOLS_GLOBAL_HOOK__'.
node_modules/react-dom/cjs/react-dom-client.development.js(941,18): error TS2304: Cannot find name '__REACT_DEVTOOLS_GLOBAL_HOOK__'.
node_modules/react-dom/cjs/react-dom-client.development.js(1285,21): error TS2339: Property 'size' does not exist on type 'number'.
node_modules/react-dom/cjs/react-dom-client.development.js(1286,20): error TS2339: Property 'forEach' does not exist on type 'number'.
node_modules/react-dom/cjs/react-dom-client.development.js(1291,19): error TS2339: Property 'clear' does not exist on type 'number'.
node_modules/react-dom/cjs/react-dom-client.development.js(2125,15): error TS2322: Type 'string' is not assignable to type 'number'.
node_modules/react-dom/cjs/react-dom-client.development.js(2138,41): error TS2339: Property 'indexOf' does not exist on type 'number'.
node_modules/react-dom/cjs/react-dom-client.development.js(2199,9): error TS2322: Type 'string' is not assignable to type 'Map<any, any>'.
node_modules/react-dom/cjs/react-dom-client.development.js(2205,11): error TS2322: Type 'string' is not assignable to type 'Map<any, any>'.
node_modules/react-dom/cjs/react-dom-client.development.js(2260,28): error TS2407: The right-hand side of a 'for...in' statement must be of type 'any', an object type or a type parameter, but here has type 'number'.
node_modules/react-dom/cjs/react-dom-client.development.js(2304,21): error TS2339: Property 'fiber' does not exist on type 'number'.
node_modules/react-dom/cjs/react-dom-client.development.js(2308,18): error TS2339: Property 'sibling' does not exist on type 'number'.
node_modules/react-dom/cjs/react-dom-client.development.js(2314,31): error TS2339: Property 'length' does not exist on type 'number'.
node_modules/react-dom/cjs/react-dom-client.development.js(2350,49): error TS2550: Property 'replaceAll' does not exist on type 'string'. Do you need to change your target library? Try changing the 'lib' compiler option to 'es2021' or later.
node_modules/react-dom/cjs/react-dom-client.development.js(2767,11): error TS2322: Type '{}' is not assignable to type 'string'.
node_modules/react-dom/cjs/react-dom-client.development.js(2776,11): error TS2322: Type '{}' is not assignable to type 'string'.
node_modules/react-dom/cjs/react-dom-client.development.js(2782,19): error TS2322: Type 'string' is not assignable to type 'number'.
node_modules/react-dom/cjs/react-dom-client.development.js(2784,15): error TS2322: Type 'boolean' is not assignable to type 'string'.
node_modules/react-dom/cjs/react-dom-client.development.js(2784,15): error TS2542: Index signature in type 'String' only permits reading.
node_modules/react-dom/cjs/react-dom-client.development.js(2785,15): error TS2322: Type 'Console' is not assignable to type 'number'.
node_modules/react-dom/cjs/react-dom-client.development.js(2787,17): error TS2339: Property 'error' does not exist on type 'number'.
node_modules/react-dom/cjs/react-dom-client.development.js(2814,60): error TS2538: Type '{}' cannot be used as an index type.
node_modules/react-dom/cjs/react-dom-client.development.js(3385,16): error TS2339: Property 'defaultPrevented' does not exist on type '{ preventDefault: typeof preventDefault; stopPropagation: typeof stopPropagation; persist: () => void; isPersistent: () => boolean; }'.
node_modules/react-dom/cjs/react-dom-client.development.js(3386,28): error TS2339: Property 'nativeEvent' does not exist on type '{ preventDefault: typeof preventDefault; stopPropagation: typeof stopPropagation; persist: () => void; isPersistent: () => boolean; }'.
node_modules/react-dom/cjs/react-dom-client.development.js(3390,17): error TS2367: This comparison appears to be unintentional because the types '"unknown"' and '"string" | "number" | "bigint" | "boolean" | "symbol" | "undefined" | "object" | "function"' have no overlap.
node_modules/react-dom/cjs/react-dom-client.development.js(3392,19): error TS2339: Property 'isDefaultPrevented' does not exist on type '{ preventDefault: typeof preventDefault; stopPropagation: typeof stopPropagation; persist: () => void; isPersistent: () => boolean; }'.
node_modules/react-dom/cjs/react-dom-client.development.js(3395,28): error TS2339: Property 'nativeEvent' does not exist on type '{ preventDefault: typeof preventDefault; stopPropagation: typeof stopPropagation; persist: () => void; isPersistent: () => boolean; }'.
node_modules/react-dom/cjs/react-dom-client.development.js(3399,17): error TS2367: This comparison appears to be unintentional because the types '"unknown"' and '"string" | "number" | "bigint" | "boolean" | "symbol" | "undefined" | "object" | "function"' have no overlap.
node_modules/react-dom/cjs/react-dom-client.development.js(3401,19): error TS2339: Property 'isPropagationStopped' does not exist on type '{ preventDefault: typeof preventDefault; stopPropagation: typeof stopPropagation; persist: () => void; isPersistent: () => boolean; }'.
node_modules/react-dom/cjs/react-dom-client.development.js(3507,11): error TS2322: Type 'HTMLDivElement' is not assignable to type 'boolean'.
node_modules/react-dom/cjs/react-dom-client.development.js(3508,21): error TS2339: Property 'setAttribute' does not exist on type 'boolean'.
node_modules/react-dom/cjs/react-dom-client.development.js(3606,12): error TS2322: Type 'number' is not assignable to type 'string[]'.
node_modules/react-dom/cjs/react-dom-client.development.js(3606,23): error TS2365: Operator '<' cannot be applied to types 'string[]' and 'number'.
node_modules/react-dom/cjs/react-dom-client.development.js(3606,45): error TS2356: An arithmetic operand must be of type 'any', 'number', 'bigint' or an enum type.
node_modules/react-dom/cjs/react-dom-client.development.js(3607,32): error TS2538: Type 'string[]' cannot be used as an index type.
node_modules/react-dom/cjs/react-dom-client.development.js(3859,19): error TS2322: Type 'number' is not assignable to type 'string'.
node_modules/react-dom/cjs/react-dom-client.development.js(3860,17): error TS2367: This comparison appears to be unintentional because the types 'string' and 'number' have no overlap.
node_modules/react-dom/cjs/react-dom-client.development.js(3860,48): error TS2367: This comparison appears to be unintentional because the types 'string' and 'number' have no overlap.
node_modules/react-dom/cjs/react-dom-client.development.js(3864,26): error TS2367: This comparison appears to be unintentional because the types 'string' and 'number' have no overlap.
node_modules/react-dom/cjs/react-dom-client.development.js(3972,16): error TS2322: Type 'string' is not assignable to type 'boolean'.
node_modules/react-dom/cjs/react-dom-client.development.js(3993,23): error TS2322: Type 'string' is not assignable to type 'boolean'.
node_modules/react-dom/cjs/react-dom-client.development.js(4177,17): error TS2554: Expected 0-1 arguments, but got 6.
node_modules/react-dom/cjs/react-dom-client.development.js(4306,19): error TS2554: Expected 0-1 arguments, but got 6.
node_modules/react-dom/cjs/react-dom-client.development.js(4337,15): error TS2554: Expected 0-1 arguments, but got 6.
node_modules/react-dom/cjs/react-dom-client.development.js(4364,15): error TS2554: Expected 0-1 arguments, but got 6.
node_modules/react-dom/cjs/react-dom-client.development.js(4390,15): error TS2554: Expected 0-1 arguments, but got 6.
node_modules/react-dom/cjs/react-dom-client.development.js(4457,15): error TS2554: Expected 0-1 arguments, but got 6.
node_modules/react-dom/cjs/react-dom-client.development.js(4481,15): error TS2554: Expected 0-1 arguments, but got 6.
node_modules/react-dom/cjs/react-dom-client.development.js(4540,15): error TS2554: Expected 0-1 arguments, but got 6.
node_modules/react-dom/cjs/react-dom-client.development.js(4609,15): error TS2322: Type 'number' is not assignable to type 'boolean'.
node_modules/react-dom/cjs/react-dom-client.development.js(4611,38): error TS2538: Type 'boolean' cannot be used as an index type.
node_modules/react-dom/cjs/react-dom-client.development.js(4613,30): error TS2538: Type 'boolean' cannot be used as an index type.
node_modules/react-dom/cjs/react-dom-client.development.js(5117,9): error TS2322: Type 'string' is not assignable to type 'number'.
node_modules/react-dom/cjs/react-dom-client.development.js(5743,9): error TS2322: Type 'string' is not assignable to type 'number'.
node_modules/react-dom/cjs/react-dom-client.development.js(6591,31): error TS2554: Expected 0 arguments, but got 3.
node_modules/react-dom/cjs/react-dom-client.development.js(6992,55): error TS2339: Property '_debugInfo' does not exist on type 'any[]'.
node_modules/react-dom/cjs/react-dom-client.development.js(7131,13): error TS2322: Type 'string' is not assignable to type 'boolean'.
  Type 'string' is not assignable to type 'boolean'.
node_modules/react-dom/cjs/react-dom-client.development.js(7231,28): error TS18047: 'newLast' is possibly 'null'.
node_modules/react-dom/cjs/react-dom-client.development.js(7332,36): error TS2339: Property 'mode' does not exist on type 'number'.
node_modules/react-dom/cjs/react-dom-client.development.js(7347,30): error TS2339: Property 'flags' does not exist on type 'number'.
node_modules/react-dom/cjs/react-dom-client.development.js(7347,50): error TS2339: Property 'flags' does not exist on type 'number'.
node_modules/react-dom/cjs/react-dom-client.development.js(7357,36): error TS2339: Property 'mode' does not exist on type 'number'.
node_modules/react-dom/cjs/react-dom-client.development.js(7381,34): error TS2339: Property 'push' does not exist on type 'boolean'.
node_modules/react-dom/cjs/react-dom-client.development.js(7383,14): error TS2322: Type '{ lane: number; tag: any; payload: any; callback: any; next: null; }' is not assignable to type 'boolean'.
node_modules/react-dom/cjs/react-dom-client.development.js(7401,48): error TS2339: Property 'next' does not exist on type 'boolean'.
node_modules/react-dom/cjs/react-dom-client.development.js(7402,33): error TS2339: Property 'next' does not exist on type 'boolean'.
node_modules/react-dom/cjs/react-dom-client.development.js(7876,19): error TS2339: Property 'memoizedState' does not exist on type 'number'.
node_modules/react-dom/cjs/react-dom-client.development.js(7878,25): error TS2339: Property 'alternate' does not exist on type 'number'.
node_modules/react-dom/cjs/react-dom-client.development.js(7880,44): error TS2339: Property 'memoizedState' does not exist on type 'number'.
node_modules/react-dom/cjs/react-dom-client.development.js(8010,37): error TS18047: 'newBaseQueueLast' is possibly 'null'.
node_modules/react-dom/cjs/react-dom-client.development.js(8028,16): error TS2322: Type '{ lane: number; revertLane: any; gesture: null; action: any; hasEagerState: any; eagerState: any; next: null; }' is not assignable to type 'number'.
node_modules/react-dom/cjs/react-dom-client.development.js(8040,41): error TS18047: 'newBaseQueueLast' is possibly 'null'.
node_modules/react-dom/cjs/react-dom-client.development.js(8062,39): error TS18047: 'newBaseQueueLast' is possibly 'null'.
node_modules/react-dom/cjs/react-dom-client.development.js(8498,21): error TS2367: This comparison appears to be unintentional because the types 'boolean' and 'string' have no overlap.
node_modules/react-dom/cjs/react-dom-client.development.js(8499,21): error TS2367: This comparison appears to be unintentional because the types 'boolean' and 'string' have no overlap.
node_modules/react-dom/cjs/react-dom-client.development.js(9056,9): error TS2322: Type 'number' is not assignable to type 'string'.
node_modules/react-dom/cjs/react-dom-client.development.js(9057,9): error TS2365: Operator '<' cannot be applied to types 'number' and 'string'.
node_modules/react-dom/cjs/react-dom-client.development.js(9057,66): error TS2554: Expected 0 arguments, but got 1.
node_modules/react-dom/cjs/react-dom-client.development.js(9060,10): error TS2322: Type 'number' is not assignable to type 'string'.
node_modules/react-dom/cjs/react-dom-client.development.js(9062,61): error TS2554: Expected 0 arguments, but got 1.
node_modules/react-dom/cjs/react-dom-client.development.js(9603,23): error TS2554: Expected 0-1 arguments, but got 2.
node_modules/react-dom/cjs/react-dom-client.development.js(9613,23): error TS2554: Expected 0-1 arguments, but got 2.
node_modules/react-dom/cjs/react-dom-client.development.js(9636,11): error TS2554: Expected 0-1 arguments, but got 2.
node_modules/react-dom/cjs/react-dom-client.development.js(9732,7): error TS2322: Type 'boolean' is not assignable to type 'string'.
node_modules/react-dom/cjs/react-dom-client.development.js(10152,11): error TS2554: Expected 0 arguments, but got 2.
node_modules/react-dom/cjs/react-dom-client.development.js(10223,31): error TS2554: Expected 0 arguments, but got 1.
node_modules/react-dom/cjs/react-dom-client.development.js(10261,12): error TS2322: Type 'string' is not assignable to type 'number'.
node_modules/react-dom/cjs/react-dom-client.development.js(10320,16): error TS2322: Type 'string' is not assignable to type 'number'.
node_modules/react-dom/cjs/react-dom-client.development.js(10323,16): error TS2322: Type 'string' is not assignable to type 'number'.
node_modules/react-dom/cjs/react-dom-client.development.js(10424,9): error TS2322: Type 'boolean' is not assignable to type 'number'.
node_modules/react-dom/cjs/react-dom-client.development.js(10489,13): error TS2554: Expected 0 arguments, but got 2.
node_modules/react-dom/cjs/react-dom-client.development.js(10493,11): error TS2554: Expected 0 arguments, but got 2.
node_modules/react-dom/cjs/react-dom-client.development.js(10620,9): error TS2322: Type '{}' is not assignable to type 'number'.
node_modules/react-dom/cjs/react-dom-client.development.js(10744,45): error TS2339: Property 'state' does not exist on type 'number'.
node_modules/react-dom/cjs/react-dom-client.development.js(10815,25): error TS2554: Expected 0 arguments, but got 1.
node_modules/react-dom/cjs/react-dom-client.development.js(11600,32): error TS2339: Property 'rendering' does not exist on type 'boolean'.
node_modules/react-dom/cjs/react-dom-client.development.js(11601,31): error TS2339: Property 'tail' does not exist on type 'boolean'.
node_modules/react-dom/cjs/react-dom-client.development.js(11602,31): error TS2339: Property 'lastEffect' does not exist on type 'boolean'.
node_modules/react-dom/cjs/react-dom-client.development.js(12524,62): error TS2554: Expected 0-1 arguments, but got 2.
node_modules/react-dom/cjs/react-dom-client.development.js(12553,60): error TS2554: Expected 0-1 arguments, but got 2.
node_modules/react-dom/cjs/react-dom-client.development.js(13515,38): error TS2554: Expected 0 arguments, but got 1.
node_modules/react-dom/cjs/react-dom-client.development.js(13531,38): error TS2554: Expected 0 arguments, but got 1.
node_modules/react-dom/cjs/react-dom-client.development.js(13883,21): error TS2322: Type 'number' is not assignable to type '{ start: any; end: any; }'.
node_modules/react-dom/cjs/react-dom-client.development.js(13885,21): error TS2356: An arithmetic operand must be of type 'any', 'number', 'bigint' or an enum type.
node_modules/react-dom/cjs/react-dom-client.development.js(13887,42): error TS2538: Type '{ start: any; end: any; }' cannot be used as an index type.
node_modules/react-dom/cjs/react-dom-client.development.js(13903,21): error TS2367: This comparison appears to be unintentional because the types 'number' and '{ start: any; end: any; }' have no overlap.
node_modules/react-dom/cjs/react-dom-client.development.js(13906,28): error TS2367: This comparison appears to be unintentional because the types 'number' and '{ start: any; end: any; }' have no overlap.
node_modules/react-dom/cjs/react-dom-client.development.js(14486,56): error TS2351: This expression is not constructable.
  Each member of the union type 'SetConstructor | (WeakSetConstructor & Function)' has construct signatures, but none of those signatures are compatible with each other.
node_modules/react-dom/cjs/react-dom-client.development.js(14493,60): error TS2351: This expression is not constructable.
  Each member of the union type 'SetConstructor | (WeakSetConstructor & Function)' has construct signatures, but none of those signatures are compatible with each other.
node_modules/react-dom/cjs/react-dom-client.development.js(15001,50): error TS2339: Property 'stateNode' does not exist on type 'boolean'.
node_modules/react-dom/cjs/react-dom-client.development.js(15011,39): error TS2339: Property 'stateNode' does not exist on type 'boolean'.
node_modules/react-dom/cjs/react-dom-client.development.js(15012,39): error TS2339: Property 'memoizedProps' does not exist on type 'boolean'.
node_modules/react-dom/cjs/react-dom-client.development.js(15015,66): error TS2339: Property 'return' does not exist on type 'boolean'.
node_modules/react-dom/cjs/react-dom-client.development.js(15022,45): error TS2339: Property 'stateNode' does not exist on type 'boolean'.
node_modules/react-dom/cjs/react-dom-client.development.js(15033,39): error TS2339: Property 'memoizedProps' does not exist on type 'boolean'.
node_modules/react-dom/cjs/react-dom-client.development.js(15036,66): error TS2339: Property 'return' does not exist on type 'boolean'.
node_modules/react-dom/cjs/react-dom-client.development.js(15043,36): error TS2339: Property 'stateNode' does not exist on type 'boolean'.
node_modules/react-dom/cjs/react-dom-client.development.js(15053,39): error TS2339: Property 'stateNode' does not exist on type 'boolean'.
node_modules/react-dom/cjs/react-dom-client.development.js(15056,66): error TS2339: Property 'return' does not exist on type 'boolean'.
node_modules/react-dom/cjs/react-dom-client.development.js(15583,40): error TS2339: Property 'length' does not exist on type 'boolean'.
node_modules/react-dom/cjs/react-dom-client.development.js(15587,48): error TS2339: Property 'hydrationErrors' does not exist on type 'number'.
node_modules/react-dom/cjs/react-dom-client.development.js(15614,47): error TS2339: Property 'dehydrated' does not exist on type 'number'.
node_modules/react-dom/cjs/react-dom-client.development.js(15616,43): error TS2339: Property 'dehydrated' does not exist on type 'boolean'.
node_modules/react-dom/cjs/react-dom-client.development.js(15620,40): error TS2339: Property 'length' does not exist on type 'boolean'.
node_modules/react-dom/cjs/react-dom-client.development.js(15624,48): error TS2339: Property 'hydrationErrors' does not exist on type 'number'.
node_modules/react-dom/cjs/react-dom-client.development.js(15648,36): error TS2339: Property '_visibility' does not exist on type 'boolean'.
node_modules/react-dom/cjs/react-dom-client.development.js(15664,36): error TS2339: Property '_visibility' does not exist on type 'boolean'.
node_modules/react-dom/cjs/react-dom-client.development.js(15673,40): error TS2339: Property '_visibility' does not exist on type 'boolean'.
node_modules/react-dom/cjs/react-dom-client.development.js(16140,38): error TS2339: Property '_visibility' does not exist on type 'number'.
node_modules/react-dom/cjs/react-dom-client.development.js(16143,44): error TS2339: Property '_visibility' does not exist on type 'number'.
node_modules/react-dom/cjs/react-dom-client.development.js(16309,31): error TS2339: Property 'return' does not exist on type 'number'.
node_modules/react-dom/cjs/react-dom-client.development.js(16324,32): error TS2304: Cannot find name 'IS_REACT_ACT_ENVIRONMENT'.
node_modules/react-dom/cjs/react-dom-client.development.js(16325,13): error TS2304: Cannot find name 'IS_REACT_ACT_ENVIRONMENT'.
node_modules/react-dom/cjs/react-dom-client.development.js(16357,30): error TS2339: Property 'flags' does not exist on type 'number'.
node_modules/react-dom/cjs/react-dom-client.development.js(16447,21): error TS2554: Expected 0-1 arguments, but got 6.
node_modules/react-dom/cjs/react-dom-client.development.js(16471,21): error TS2554: Expected 0-1 arguments, but got 6.
node_modules/react-dom/cjs/react-dom-client.development.js(16484,19): error TS2554: Expected 0-1 arguments, but got 6.
node_modules/react-dom/cjs/react-dom-client.development.js(16541,21): error TS2554: Expected 0-1 arguments, but got 6.
node_modules/react-dom/cjs/react-dom-client.development.js(16581,69): error TS2339: Property 'flags' does not exist on type 'number'.
node_modules/react-dom/cjs/react-dom-client.development.js(16928,11): error TS2554: Expected 0-1 arguments, but got 6.
node_modules/react-dom/cjs/react-dom-client.development.js(16936,11): error TS2554: Expected 0-1 arguments, but got 6.
node_modules/react-dom/cjs/react-dom-client.development.js(16944,11): error TS2554: Expected 0-1 arguments, but got 6.
node_modules/react-dom/cjs/react-dom-client.development.js(16952,11): error TS2554: Expected 0-1 arguments, but got 6.
node_modules/react-dom/cjs/react-dom-client.development.js(17000,19): error TS2554: Expected 0-1 arguments, but got 6.
node_modules/react-dom/cjs/react-dom-client.development.js(17058,25): error TS2339: Property 'run' does not exist on type 'number'.
node_modules/react-dom/cjs/react-dom-client.development.js(17071,19): error TS2554: Expected 0-1 arguments, but got 6.
node_modules/react-dom/cjs/react-dom-client.development.js(17079,15): error TS2322: Type 'string' is not assignable to type 'number'.
  Type 'string' is not assignable to type 'number'.
node_modules/react-dom/cjs/react-dom-client.development.js(17084,14): error TS2322: Type 'string' is not assignable to type 'boolean'.
  Type 'string' is not assignable to type 'boolean'.
node_modules/react-dom/cjs/react-dom-client.development.js(17091,14): error TS2322: Type 'undefined[]' is not assignable to type 'boolean'.
node_modules/react-dom/cjs/react-dom-client.development.js(17092,45): error TS2339: Property 'push' does not exist on type 'boolean'.
node_modules/react-dom/cjs/react-dom-client.development.js(17093,45): error TS2339: Property 'push' does not exist on type 'boolean'.
node_modules/react-dom/cjs/react-dom-client.development.js(17094,14): error TS2322: Type '{ start: number; end: any; detail: { devtools: { properties: boolean; track: string; trackGroup: string; color: number; }; }; }' is not assignable to type 'number'.
node_modules/react-dom/cjs/react-dom-client.development.js(17107,25): error TS2339: Property 'run' does not exist on type 'number'.
node_modules/react-dom/cjs/react-dom-client.development.js(17114,37): error TS2345: Argument of type 'boolean' is not assignable to parameter of type 'string'.
node_modules/react-dom/cjs/react-dom-client.development.js(17139,10): error TS2322: Type 'number' is not assignable to type 'string'.
node_modules/react-dom/cjs/react-dom-client.development.js(17156,10): error TS2322: Type 'number' is not assignable to type 'boolean'.
node_modules/react-dom/cjs/react-dom-client.development.js(17160,10): error TS2322: Type 'number' is not assignable to type 'string'.
node_modules/react-dom/cjs/react-dom-client.development.js(17167,15): error TS2365: Operator '>' cannot be applied to types 'number' and 'string'.
node_modules/react-dom/cjs/react-dom-client.development.js(17168,16): error TS2322: Type 'string' is not assignable to type 'number'.
node_modules/react-dom/cjs/react-dom-client.development.js(17169,16): error TS2322: Type 'string' is not assignable to type 'number'.
node_modules/react-dom/cjs/react-dom-client.development.js(17174,11): error TS2365: Operator '<' cannot be applied to types 'number' and 'boolean'.
node_modules/react-dom/cjs/react-dom-client.development.js(17181,25): error TS2339: Property 'run' does not exist on type 'number'.
node_modules/react-dom/cjs/react-dom-client.development.js(17194,19): error TS2554: Expected 0-1 arguments, but got 6.
node_modules/react-dom/cjs/react-dom-client.development.js(17202,25): error TS2339: Property 'run' does not exist on type 'number'.
node_modules/react-dom/cjs/react-dom-client.development.js(17215,19): error TS2554: Expected 0-1 arguments, but got 6.
node_modules/react-dom/cjs/react-dom-client.development.js(17221,11): error TS2365: Operator '>' cannot be applied to types 'string' and 'number'.
node_modules/react-dom/cjs/react-dom-client.development.js(17224,21): error TS2362: The left-hand side of an arithmetic operation must be of type 'any', 'number', 'bigint' or an enum type.
node_modules/react-dom/cjs/react-dom-client.development.js(17227,14): error TS2322: Type 'undefined[]' is not assignable to type 'boolean'.
node_modules/react-dom/cjs/react-dom-client.development.js(17229,30): error TS2339: Property 'push' does not exist on type 'boolean'.
node_modules/react-dom/cjs/react-dom-client.development.js(17230,45): error TS2339: Property 'push' does not exist on type 'boolean'.
node_modules/react-dom/cjs/react-dom-client.development.js(17231,14): error TS2322: Type '{ start: number; end: string; detail: { devtools: { properties: boolean; track: string; trackGroup: string; color: string; }; }; }' is not assignable to type 'number'.
node_modules/react-dom/cjs/react-dom-client.development.js(17244,25): error TS2339: Property 'run' does not exist on type 'number'.
node_modules/react-dom/cjs/react-dom-client.development.js(17251,48): error TS2345: Argument of type 'number' is not assignable to parameter of type 'string | PerformanceMeasureOptions'.
node_modules/react-dom/cjs/react-dom-client.development.js(17272,45): error TS2349: This expression is not callable.
  Type 'Number' has no call signatures.
node_modules/react-dom/cjs/react-dom-client.development.js(17301,14): error TS2322: Type 'number' is not assignable to type 'string'.
node_modules/react-dom/cjs/react-dom-client.development.js(17945,61): error TS2554: Expected 0-2 arguments, but got 3.
node_modules/react-dom/cjs/react-dom-client.development.js(17983,40): error TS2339: Property 'focusedElem' does not exist on type 'number'.
node_modules/react-dom/cjs/react-dom-client.development.js(17984,43): error TS2339: Property 'selectionRange' does not exist on type 'number'.
node_modules/react-dom/cjs/react-dom-client.development.js(18116,19): error TS2554: Expected 0-1 arguments, but got 6.
node_modules/react-dom/cjs/react-dom-client.development.js(18126,52): error TS2339: Property 'flags' does not exist on type 'number'.
node_modules/react-dom/cjs/react-dom-client.development.js(18127,30): error TS2339: Property 'subtreeFlags' does not exist on type 'number'.
node_modules/react-dom/cjs/react-dom-client.development.js(18140,27): error TS2339: Property 'alternate' does not exist on type 'number'.
node_modules/react-dom/cjs/react-dom-client.development.js(18156,9): error TS2322: Type 'boolean' is not assignable to type 'number'.
node_modules/react-dom/cjs/react-dom-client.development.js(18169,37): error TS2339: Property 'run' does not exist on type 'true'.
node_modules/react-dom/cjs/react-dom-client.development.js(18182,19): error TS2554: Expected 0-1 arguments, but got 6.
node_modules/react-dom/cjs/react-dom-client.development.js(18222,19): error TS2554: Expected 0-1 arguments, but got 6.
node_modules/react-dom/cjs/react-dom-client.development.js(18247,44): error TS2339: Property 'pendingLanes' does not exist on type 'number'.
node_modules/react-dom/cjs/react-dom-client.development.js(18251,59): error TS2339: Property 'pendingLanes' does not exist on type 'number'.
node_modules/react-dom/cjs/react-dom-client.development.js(18294,40): error TS2339: Property 'memoizedUpdaters' does not exist on type 'number'.
node_modules/react-dom/cjs/react-dom-client.development.js(18303,44): error TS2339: Property 'onRecoverableError' does not exist on type 'number'.
node_modules/react-dom/cjs/react-dom-client.development.js(18306,52): error TS2339: Property 'length' does not exist on type 'boolean'.
node_modules/react-dom/cjs/react-dom-client.development.js(18325,55): error TS2339: Property 'pendingLanes' does not exist on type 'number'.
node_modules/react-dom/cjs/react-dom-client.development.js(18417,19): error TS2554: Expected 0-1 arguments, but got 6.
node_modules/react-dom/cjs/react-dom-client.development.js(18426,37): error TS2339: Property 'current' does not exist on type 'number'.
node_modules/react-dom/cjs/react-dom-client.development.js(18429,46): error TS2339: Property 'current' does not exist on type 'number'.
node_modules/react-dom/cjs/react-dom-client.development.js(18468,19): error TS2554: Expected 0-1 arguments, but got 6.
node_modules/react-dom/cjs/react-dom-client.development.js(18497,34): error TS2339: Property 'current' does not exist on type 'number'.
node_modules/react-dom/cjs/react-dom-client.development.js(18569,42): error TS2351: This expression is not constructable.
  Each member of the union type 'MapConstructor | (WeakMapConstructor & Function)' has construct signatures, but none of those signatures are compatible with each other.
node_modules/react-dom/cjs/react-dom-client.development.js(19086,28): error TS2339: Property 'preventDefault' does not exist on type 'SyntheticBaseEvent'.
node_modules/react-dom/cjs/react-dom-client.development.js(19255,10): error TS2322: Type 'boolean' is not assignable to type '(domEventName: any, eventSystemFlags: any, container: any, nativeEvent: any) => void'.
node_modules/react-dom/cjs/react-dom-client.development.js(19419,13): error TS2322: Type 'undefined[]' is not assignable to type 'boolean'.
node_modules/react-dom/cjs/react-dom-client.development.js(19433,34): error TS2339: Property 'push' does not exist on type 'boolean'.
node_modules/react-dom/cjs/react-dom-client.development.js(19443,32): error TS2339: Property 'length' does not exist on type 'boolean'.
node_modules/react-dom/cjs/react-dom-client.development.js(19461,13): error TS2322: Type 'boolean' is not assignable to type 'typeof SyntheticBaseEvent'.
node_modules/react-dom/cjs/react-dom-client.development.js(19492,24): error TS2367: This comparison appears to be unintentional because the types 'number' and 'boolean' have no overlap.
node_modules/react-dom/cjs/react-dom-client.development.js(19493,25): error TS2367: This comparison appears to be unintentional because the types 'number' and 'boolean' have no overlap.
node_modules/react-dom/cjs/react-dom-client.development.js(19494,25): error TS2367: This comparison appears to be unintentional because the types 'number' and 'boolean' have no overlap.
node_modules/react-dom/cjs/react-dom-client.development.js(19499,17): error TS2322: Type 'typeof SyntheticBaseEvent' is not assignable to type 'boolean'.
node_modules/react-dom/cjs/react-dom-client.development.js(19507,20): error TS2322: Type 'typeof SyntheticBaseEvent' is not assignable to type 'boolean'.
node_modules/react-dom/cjs/react-dom-client.development.js(19519,33): error TS2351: This expression is not constructable.
  Type 'Boolean' has no construct signatures.
node_modules/react-dom/cjs/react-dom-client.development.js(19530,42): error TS2351: This expression is not constructable.
  Type 'Boolean' has no construct signatures.
node_modules/react-dom/cjs/react-dom-client.development.js(19537,35): error TS2339: Property 'target' does not exist on type 'boolean'.
node_modules/react-dom/cjs/react-dom-client.development.js(19538,35): error TS2339: Property 'relatedTarget' does not exist on type 'boolean'.
node_modules/react-dom/cjs/react-dom-client.development.js(19543,21): error TS2322: Type '(inst: any) => any' is not assignable to type 'boolean'.
node_modules/react-dom/cjs/react-dom-client.development.js(19550,36): error TS2349: This expression is not callable.
  Type 'Boolean' has no call signatures.
node_modules/react-dom/cjs/react-dom-client.development.js(19557,31): error TS2349: This expression is not callable.
  Type 'Boolean' has no call signatures.
node_modules/react-dom/cjs/react-dom-client.development.js(19561,41): error TS2349: This expression is not callable.
  Type 'Boolean' has no call signatures.
node_modules/react-dom/cjs/react-dom-client.development.js(19564,35): error TS2349: This expression is not callable.
  Type 'Boolean' has no call signatures.
node_modules/react-dom/cjs/react-dom-client.development.js(19574,40): error TS2349: This expression is not callable.
  Type 'Boolean' has no call signatures.
node_modules/react-dom/cjs/react-dom-client.development.js(19575,34): error TS2349: This expression is not callable.
  Type 'Boolean' has no call signatures.
node_modules/react-dom/cjs/react-dom-client.development.js(19605,15): error TS2367: This comparison appears to be unintentional because the types 'string' and 'typeof SyntheticBaseEvent' have no overlap.
node_modules/react-dom/cjs/react-dom-client.development.js(19606,16): error TS2367: This comparison appears to be unintentional because the types 'string' and 'typeof SyntheticBaseEvent' have no overlap.
node_modules/react-dom/cjs/react-dom-client.development.js(19619,48): error TS2339: Property 'toLowerCase' does not exist on type 'typeof SyntheticBaseEvent'.
node_modules/react-dom/cjs/react-dom-client.development.js(19652,44): error TS2339: Property 'contentEditable' does not exist on type '(domEventName: any, target: any, targetInst: any) => void'.
node_modules/react-dom/cjs/react-dom-client.development.js(19717,14): error TS2322: Type '{ instance: any; listener: any; currentTarget: any; }[]' is not assignable to type '(domEventName: any, target: any, targetInst: any) => void'.
  Type '{ instance: any; listener: any; currentTarget: any; }[]' provides no match for the signature '(domEventName: any, target: any, targetInst: any): void'.
node_modules/react-dom/cjs/react-dom-client.development.js(19722,17): error TS2322: Type 'SyntheticBaseEvent' is not assignable to type 'string'.
node_modules/react-dom/cjs/react-dom-client.development.js(19734,30): error TS2339: Property 'data' does not exist on type 'string'.
node_modules/react-dom/cjs/react-dom-client.development.js(19736,55): error TS2339: Property 'data' does not exist on type 'string'.
node_modules/react-dom/cjs/react-dom-client.development.js(19742,14): error TS2322: Type '{ instance: any; listener: any; currentTarget: any; }[]' is not assignable to type 'string'.
node_modules/react-dom/cjs/react-dom-client.development.js(19747,19): error TS2322: Type 'SyntheticBaseEvent' is not assignable to type '(domEventName: any, target: any, targetInst: any) => void'.
  Type 'SyntheticBaseEvent' provides no match for the signature '(domEventName: any, target: any, targetInst: any): void'.
node_modules/react-dom/cjs/react-dom-client.development.js(19758,34): error TS2339: Property 'data' does not exist on type '(domEventName: any, target: any, targetInst: any) => void'.
node_modules/react-dom/cjs/react-dom-client.development.js(20539,16): error TS2405: The left-hand side of a 'for...in' statement must be of type 'string' or 'any'.
node_modules/react-dom/cjs/react-dom-client.development.js(20541,38): error TS2538: Type 'boolean' cannot be used as an index type.
node_modules/react-dom/cjs/react-dom-client.development.js(20544,24): error TS2678: Type 'string' is not comparable to type 'boolean'.
node_modules/react-dom/cjs/react-dom-client.development.js(20547,24): error TS2678: Type 'string' is not comparable to type 'boolean'.
node_modules/react-dom/cjs/react-dom-client.development.js(20550,24): error TS2678: Type 'string' is not comparable to type 'boolean'.
node_modules/react-dom/cjs/react-dom-client.development.js(20553,24): error TS2678: Type 'string' is not comparable to type 'boolean'.
node_modules/react-dom/cjs/react-dom-client.development.js(20556,24): error TS2678: Type 'string' is not comparable to type 'boolean'.
node_modules/react-dom/cjs/react-dom-client.development.js(20559,24): error TS2678: Type 'string' is not comparable to type 'boolean'.
node_modules/react-dom/cjs/react-dom-client.development.js(20562,24): error TS2678: Type 'string' is not comparable to type 'boolean'.
node_modules/react-dom/cjs/react-dom-client.development.js(20563,24): error TS2678: Type 'string' is not comparable to type 'boolean'.
node_modules/react-dom/cjs/react-dom-client.development.js(20590,16): error TS2405: The left-hand side of a 'for...in' statement must be of type 'string' or 'any'.
node_modules/react-dom/cjs/react-dom-client.development.js(20593,38): error TS2538: Type 'boolean' cannot be used as an index type.
node_modules/react-dom/cjs/react-dom-client.development.js(20596,22): error TS2678: Type 'string' is not comparable to type 'boolean'.
node_modules/react-dom/cjs/react-dom-client.development.js(20599,22): error TS2678: Type 'string' is not comparable to type 'boolean'.
node_modules/react-dom/cjs/react-dom-client.development.js(20602,22): error TS2678: Type 'string' is not comparable to type 'boolean'.
node_modules/react-dom/cjs/react-dom-client.development.js(20690,16): error TS2322: Type 'number' is not assignable to type 'boolean'.
node_modules/react-dom/cjs/react-dom-client.development.js(20690,28): error TS2365: Operator '<' cannot be applied to types 'boolean' and 'number'.
node_modules/react-dom/cjs/react-dom-client.development.js(20690,61): error TS2356: An arithmetic operand must be of type 'any', 'number', 'bigint' or an enum type.
node_modules/react-dom/cjs/react-dom-client.development.js(20691,55): error TS2538: Type 'boolean' cannot be used as an index type.
node_modules/react-dom/cjs/react-dom-client.development.js(21503,47): error TS2339: Property '__html' does not exist on type 'string'.
node_modules/react-dom/cjs/react-dom-client.development.js(21718,27): error TS2339: Property 'getAttribute' does not exist on type 'number'.
node_modules/react-dom/cjs/react-dom-client.development.js(21726,31): error TS2367: This comparison appears to be unintentional because the types 'boolean' and 'string' have no overlap.
node_modules/react-dom/cjs/react-dom-client.development.js(21734,49): error TS2367: This comparison appears to be unintentional because the types 'string' and 'number' have no overlap.
node_modules/react-dom/cjs/react-dom-client.development.js(21739,29): error TS2367: This comparison appears to be unintentional because the types 'number' and 'string' have no overlap.
node_modules/react-dom/cjs/react-dom-client.development.js(21760,27): error TS2339: Property 'getAttribute' does not exist on type 'number'.
node_modules/react-dom/cjs/react-dom-client.development.js(21769,37): error TS2345: Argument of type 'string' is not assignable to parameter of type 'number'.
node_modules/react-dom/cjs/react-dom-client.development.js(21769,49): error TS2365: Operator '>' cannot be applied to types 'number' and 'string'.
node_modules/react-dom/cjs/react-dom-client.development.js(21779,37): error TS2345: Argument of type 'string' is not assignable to parameter of type 'number'.
node_modules/react-dom/cjs/react-dom-client.development.js(21779,49): error TS2365: Operator '>' cannot be applied to types 'number' and 'string'.
node_modules/react-dom/cjs/react-dom-client.development.js(21781,29): error TS2367: This comparison appears to be unintentional because the types 'number' and 'string' have no overlap.
node_modules/react-dom/cjs/react-dom-client.development.js(21941,50): error TS2339: Property 'toLowerCase' does not exist on type 'number'.
node_modules/react-dom/cjs/react-dom-client.development.js(21956,24): error TS2322: Type 'string' is not assignable to type 'number'.
node_modules/react-dom/cjs/react-dom-client.development.js(22047,34): error TS2339: Property 'transferSize' does not exist on type 'PerformanceEntry'.
node_modules/react-dom/cjs/react-dom-client.development.js(22048,35): error TS2339: Property 'initiatorType' does not exist on type 'PerformanceEntry'.
node_modules/react-dom/cjs/react-dom-client.development.js(22056,30): error TS2339: Property 'responseEnd' does not exist on type 'PerformanceEntry'.
node_modules/react-dom/cjs/react-dom-client.development.js(22061,54): error TS2339: Property 'transferSize' does not exist on type 'PerformanceEntry'.
node_modules/react-dom/cjs/react-dom-client.development.js(22062,53): error TS2339: Property 'initiatorType' does not exist on type 'PerformanceEntry'.
node_modules/react-dom/cjs/react-dom-client.development.js(22065,47): error TS2339: Property 'responseEnd' does not exist on type 'PerformanceEntry'.
node_modules/react-dom/cjs/react-dom-client.development.js(22068,20): error TS2365: Operator '<' cannot be applied to types 'PerformanceEntry' and 'number'.
node_modules/react-dom/cjs/react-dom-client.development.js(22071,24): error TS2362: The left-hand side of an arithmetic operation must be of type 'any', 'number', 'bigint' or an enum type.
node_modules/react-dom/cjs/react-dom-client.development.js(22082,24): error TS2339: Property 'connection' does not exist on type 'Navigator'.
node_modules/react-dom/cjs/react-dom-client.development.js(22083,29): error TS2339: Property 'connection' does not exist on type 'Navigator'.
node_modules/react-dom/cjs/react-dom-client.development.js(23045,12): error TS2322: Type 'number' is not assignable to type 'Map<any, any>'.
node_modules/react-dom/cjs/react-dom-client.development.js(23045,55): error TS2356: An arithmetic operand must be of type 'any', 'number', 'bigint' or an enum type.
node_modules/react-dom/cjs/react-dom-client.development.js(23046,34): error TS2538: Type 'Map<any, any>' cannot be used as an index type.
node_modules/react-dom/cjs/react-dom-client.development.js(23307,12): error TS2339: Property 'count' does not exist on type 'onUnsuspend'.
node_modules/react-dom/cjs/react-dom-client.development.js(23308,22): error TS2339: Property 'count' does not exist on type 'onUnsuspend'.
node_modules/react-dom/cjs/react-dom-client.development.js(23308,43): error TS2339: Property 'imgCount' does not exist on type 'onUnsuspend'.
node_modules/react-dom/cjs/react-dom-client.development.js(23308,61): error TS2339: Property 'waitingForImages' does not exist on type 'onUnsuspend'.
node_modules/react-dom/cjs/react-dom-client.development.js(23309,18): error TS2339: Property 'stylesheets' does not exist on type 'onUnsuspend'.
node_modules/react-dom/cjs/react-dom-client.development.js(23310,49): error TS2339: Property 'stylesheets' does not exist on type 'onUnsuspend'.
node_modules/react-dom/cjs/react-dom-client.development.js(23314,11): error TS2349: This expression is not callable.
  Type 'never' has no call signatures.
node_modules/react-dom/cjs/react-dom-client.development.js(23360,15): error TS2339: Property 'parentNode' does not exist on type 'number'.
node_modules/react-dom/cjs/react-dom-client.development.js(23360,48): error TS2339: Property 'nextSibling' does not exist on type 'number'.
node_modules/react-dom/cjs/react-dom-client.development.js(24082,62): error TS2339: Property 'blockedOn' does not exist on type 'number'.
node_modules/react-dom/cjs/react-dom-client.development.js(24086,22): error TS2339: Property 'blockedOn' does not exist on type 'number'.
node_modules/react-dom/cjs/react-dom-client.development.js(24089,49): error TS2339: Property 'length' does not exist on type 'number'.
node_modules/react-dom/cjs/react-dom-client.development.js(24112,20): error TS2339: Property 'splice' does not exist on type 'number'.
node_modules/react-dom/cjs/react-dom-client.development.js(24136,30): error TS2304: Cannot find name 'navigation'.
node_modules/react-dom/cjs/react-dom-client.development.js(24137,30): error TS2304: Cannot find name 'navigation'.
node_modules/react-dom/cjs/react-dom-client.development.js(24140,13): error TS2304: Cannot find name 'navigation'.
node_modules/react-dom/cjs/react-dom-client.development.js(24147,31): error TS2304: Cannot find name 'navigation'.
node_modules/react-dom/cjs/react-dom-client.development.js(24150,9): error TS2304: Cannot find name 'navigation'.
node_modules/react-dom/cjs/react-dom-client.development.js(24151,9): error TS2304: Cannot find name 'navigation'.
node_modules/react-dom/cjs/react-dom-client.development.js(24152,9): error TS2304: Cannot find name 'navigation'.
node_modules/react-dom/cjs/react-dom-client.development.js(24156,11): error TS2304: Cannot find name 'navigation'.
node_modules/react-dom/cjs/react-dom-client.development.js(24157,11): error TS2304: Cannot find name 'navigation'.
node_modules/react-dom/cjs/react-dom-client.development.js(24161,11): error TS2304: Cannot find name 'navigation'.
node_modules/react-dom/cjs/react-dom-client.development.js(24186,28): error TS2304: Cannot find name '__REACT_DEVTOOLS_GLOBAL_HOOK__'.
node_modules/react-dom/cjs/react-dom-client.development.js(24188,16): error TS2304: Cannot find name '__REACT_DEVTOOLS_GLOBAL_HOOK__'.
node_modules/react-dom/cjs/react-dom-client.development.js(24189,7): error TS2304: Cannot find name '__REACT_DEVTOOLS_GLOBAL_HOOK__'.
node_modules/react-dom/cjs/react-dom-client.development.js(24245,35): error TS2351: This expression is not constructable.
  Each member of the union type 'MapConstructor | (WeakMapConstructor & Function)' has construct signatures, but none of those signatures are compatible with each other.
node_modules/react-dom/cjs/react-dom-client.development.js(24267,50): error TS2304: Cannot find name '__REACT_DEVTOOLS_GLOBAL_HOOK__'.
node_modules/react-dom/cjs/react-dom-client.development.js(25155,16): error TS2769: No overload matches this call.
  Overload 1 of 2, '(type: keyof WindowEventMap, listener: (this: Window, ev: Event | ErrorEvent | MouseEvent | UIEvent | ProgressEvent<EventTarget> | ... 27 more ... | StorageEvent) => any, options?: boolean | AddEventListenerOptions): void', gave the following error.
    Argument of type '"test"' is not assignable to parameter of type 'keyof WindowEventMap'.
  Overload 2 of 2, '(type: string, listener: EventListenerOrEventListenerObject, options?: boolean | AddEventListenerOptions): void', gave the following error.
    Argument of type '{ readonly passive: void; }' is not assignable to parameter of type 'EventListenerOrEventListenerObject'.
node_modules/react-dom/cjs/react-dom-client.development.js(25156,16): error TS2769: No overload matches this call.
  Overload 1 of 2, '(type: keyof WindowEventMap, listener: (this: Window, ev: Event | ErrorEvent | MouseEvent | UIEvent | ProgressEvent<EventTarget> | ... 27 more ... | StorageEvent) => any, options?: boolean | EventListenerOptions): void', gave the following error.
    Argument of type '"test"' is not assignable to parameter of type 'keyof WindowEventMap'.
  Overload 2 of 2, '(type: string, listener: EventListenerOrEventListenerObject, options?: boolean | EventListenerOptions): void', gave the following error.
    Argument of type '{ readonly passive: void; }' is not assignable to parameter of type 'EventListenerOrEventListenerObject'.
node_modules/react-dom/cjs/react-dom-client.development.js(25229,22): error TS2551: Property 'clipboardData' does not exist on type 'Window & typeof globalThis'. Did you mean 'Clipboard'?
node_modules/react-dom/cjs/react-dom-client.development.js(25403,28): error TS2365: Operator '<' cannot be applied to types 'number' and 'unknown'.
node_modules/react-dom/cjs/react-dom-client.development.js(25403,48): error TS2365: Operator '>=' cannot be applied to types 'number' and 'unknown'.
node_modules/react-dom/cjs/react-dom-client.development.js(25431,20): error TS2551: Property 'documentMode' does not exist on type 'Document'. Did you mean 'DOCUMENT_NODE'?
node_modules/react-dom/cjs/react-dom-client.development.js(25431,49): error TS2551: Property 'documentMode' does not exist on type 'Document'. Did you mean 'DOCUMENT_NODE'?
node_modules/react-dom/cjs/react-dom-client.development.js(25434,52): error TS2365: Operator '>=' cannot be applied to types 'number' and 'unknown'.
node_modules/react-dom/cjs/react-dom-client.development.js(25507,37): error TS2591: Cannot find name 'process'. Do you need to install type definitions for node? Try `npm i --save-dev @types/node` and then add 'node' to the types field in your tsconfig.
node_modules/react-dom/cjs/react-dom-client.development.js(25508,39): error TS2591: Cannot find name 'process'. Do you need to install type definitions for node? Try `npm i --save-dev @types/node` and then add 'node' to the types field in your tsconfig.
node_modules/react-dom/cjs/react-dom-client.development.js(25510,17): error TS2591: Cannot find name 'process'. Do you need to install type definitions for node? Try `npm i --save-dev @types/node` and then add 'node' to the types field in your tsconfig.
node_modules/react-dom/cjs/react-dom-client.development.js(25628,28): error TS2339: Property 'createTask' does not exist on type 'Console'.
node_modules/react-dom/cjs/react-dom-client.development.js(25629,19): error TS2339: Property 'createTask' does not exist on type 'Console'.
node_modules/react-dom/cjs/react-dom-client.development.js(26042,5): error TS2630: Cannot assign to 'warnForMissingKey' because it is a function.
node_modules/react-dom/cjs/react-dom-client.development.js(26495,41): error TS2554: Expected 0-1 arguments, but got 3.
node_modules/react-dom/cjs/react-dom-client.development.js(26629,43): error TS2554: Expected 0-1 arguments, but got 3.
node_modules/react-dom/cjs/react-dom-client.development.js(26934,41): error TS2554: Expected 0-1 arguments, but got 3.
node_modules/react-dom/cjs/react-dom-client.development.js(27093,43): error TS2554: Expected 0-1 arguments, but got 3.
node_modules/react-dom/cjs/react-dom-client.development.js(27706,20): error TS2339: Property '_p' does not exist on type 'HTMLLinkElement'.
node_modules/react-dom/cjs/react-dom-client.development.js(27854,7): error TS2630: Cannot assign to 'shouldErrorImpl' because it is a function.
node_modules/react-dom/cjs/react-dom-client.development.js(27857,7): error TS2630: Cannot assign to 'shouldSuspendImpl' because it is a function.
node_modules/react-dom/cjs/react-dom-client.development.js(27905,32): error TS2339: Property 'containerInfo' does not exist on type 'IArguments'.
node_modules/react-dom/cjs/react-dom-client.development.js(27910,36): error TS2339: Property 'current' does not exist on type 'IArguments'.
node_modules/react-dom/cjs/react-dom-client.development.js(28104,7): error TS2322: Type '{ lane: any; tag: number; payload: any; callback: any; next: any; }' is not assignable to type 'string'.
node_modules/react-dom/cjs/react-dom-client.development.js(28105,24): error TS2339: Property 'callback' does not exist on type 'string'.
node_modules/react-dom/cjs/react-dom-client.development.js(28117,28): error TS2304: Cannot find name '__REACT_DEVTOOLS_GLOBAL_HOOK__'.
node_modules/react-dom/cjs/react-dom-client.development.js(28119,16): error TS2304: Cannot find name '__REACT_DEVTOOLS_GLOBAL_HOOK__'.
node_modules/react-dom/cjs/react-dom-client.development.js(28120,7): error TS2304: Cannot find name '__REACT_DEVTOOLS_GLOBAL_HOOK__'.
node_modules/react-dom/cjs/react-dom-client.production.js(341,41): error TS2339: Property 'prepareStackTrace' does not exist on type 'ErrorConstructor'.
node_modules/react-dom/cjs/react-dom-client.production.js(342,9): error TS2339: Property 'prepareStackTrace' does not exist on type 'ErrorConstructor'.
node_modules/react-dom/cjs/react-dom-client.production.js(378,42): error TS2339: Property 'catch' does not exist on type 'typeof Fake'.
node_modules/react-dom/cjs/react-dom-client.production.js(379,20): error TS2339: Property 'catch' does not exist on type 'typeof Fake'.
node_modules/react-dom/cjs/react-dom-client.production.js(388,48): error TS2339: Property 'displayName' does not exist on type '() => any[]'.
node_modules/react-dom/cjs/react-dom-client.production.js(408,9): error TS2559: Type '0' has no properties in common with type 'PropertyDescriptor'.
node_modules/react-dom/cjs/react-dom-client.production.js(408,30): error TS2322: Type 'number' is not assignable to type '{ DetermineComponentFrameRoot: () => any[]; }'.
node_modules/react-dom/cjs/react-dom-client.production.js(410,22): error TS2538: Type '{ DetermineComponentFrameRoot: () => any[]; }' cannot be used as an index type.
node_modules/react-dom/cjs/react-dom-client.production.js(413,9): error TS2356: An arithmetic operand must be of type 'any', 'number', 'bigint' or an enum type.
node_modules/react-dom/cjs/react-dom-client.production.js(417,23): error TS2538: Type 'PropertyDescriptor' cannot be used as an index type.
node_modules/react-dom/cjs/react-dom-client.production.js(422,9): error TS2356: An arithmetic operand must be of type 'any', 'number', 'bigint' or an enum type.
node_modules/react-dom/cjs/react-dom-client.production.js(428,11): error TS2322: Type 'number' is not assignable to type '{ DetermineComponentFrameRoot: () => any[]; }'.
node_modules/react-dom/cjs/react-dom-client.production.js(429,13): error TS2559: Type 'number' has no properties in common with type 'PropertyDescriptor'.
node_modules/react-dom/cjs/react-dom-client.production.js(430,11): error TS2365: Operator '<=' cannot be applied to types 'number' and '{ DetermineComponentFrameRoot: () => any[]; }'.
node_modules/react-dom/cjs/react-dom-client.production.js(431,11): error TS2365: Operator '<=' cannot be applied to types 'number' and 'PropertyDescriptor'.
node_modules/react-dom/cjs/react-dom-client.production.js(432,23): error TS2538: Type '{ DetermineComponentFrameRoot: () => any[]; }' cannot be used as an index type.
node_modules/react-dom/cjs/react-dom-client.production.js(432,56): error TS2538: Type 'PropertyDescriptor' cannot be used as an index type.
node_modules/react-dom/cjs/react-dom-client.production.js(435,11): error TS2356: An arithmetic operand must be of type 'any', 'number', 'bigint' or an enum type.
node_modules/react-dom/cjs/react-dom-client.production.js(438,9): error TS2365: Operator '<=' cannot be applied to types 'number' and '{ DetermineComponentFrameRoot: () => any[]; }'.
node_modules/react-dom/cjs/react-dom-client.production.js(438,32): error TS2365: Operator '<=' cannot be applied to types 'number' and 'PropertyDescriptor'.
node_modules/react-dom/cjs/react-dom-client.production.js(439,9): error TS2356: An arithmetic operand must be of type 'any', 'number', 'bigint' or an enum type.
node_modules/react-dom/cjs/react-dom-client.production.js(439,27): error TS2356: An arithmetic operand must be of type 'any', 'number', 'bigint' or an enum type.
node_modules/react-dom/cjs/react-dom-client.production.js(441,25): error TS2538: Type '{ DetermineComponentFrameRoot: () => any[]; }' cannot be used as an index type.
node_modules/react-dom/cjs/react-dom-client.production.js(441,58): error TS2538: Type 'PropertyDescriptor' cannot be used as an index type.
node_modules/react-dom/cjs/react-dom-client.production.js(442,15): error TS2367: This comparison appears to be unintentional because the types 'number' and '{ DetermineComponentFrameRoot: () => any[]; }' have no overlap.
node_modules/react-dom/cjs/react-dom-client.production.js(442,39): error TS2367: This comparison appears to be unintentional because the types '1' and 'PropertyDescriptor' have no overlap.
node_modules/react-dom/cjs/react-dom-client.production.js(445,18): error TS2356: An arithmetic operand must be of type 'any', 'number', 'bigint' or an enum type.
node_modules/react-dom/cjs/react-dom-client.production.js(446,17): error TS2356: An arithmetic operand must be of type 'any', 'number', 'bigint' or an enum type.
node_modules/react-dom/cjs/react-dom-client.production.js(447,17): error TS2365: Operator '>' cannot be applied to types 'number' and 'PropertyDescriptor'.
node_modules/react-dom/cjs/react-dom-client.production.js(448,31): error TS2538: Type '{ DetermineComponentFrameRoot: () => any[]; }' cannot be used as an index type.
node_modules/react-dom/cjs/react-dom-client.production.js(449,34): error TS2538: Type 'PropertyDescriptor' cannot be used as an index type.
node_modules/react-dom/cjs/react-dom-client.production.js(453,31): error TS2538: Type '{ DetermineComponentFrameRoot: () => any[]; }' cannot be used as an index type.
node_modules/react-dom/cjs/react-dom-client.production.js(459,20): error TS2365: Operator '<=' cannot be applied to types 'number' and '{ DetermineComponentFrameRoot: () => any[]; }'.
node_modules/react-dom/cjs/react-dom-client.production.js(459,43): error TS2365: Operator '<=' cannot be applied to types 'number' and 'PropertyDescriptor'.
node_modules/react-dom/cjs/react-dom-client.production.js(465,28): error TS2339: Property 'prepareStackTrace' does not exist on type 'ErrorConstructor'.
node_modules/react-dom/cjs/react-dom-client.production.js(1569,12): error TS2769: No overload matches this call.
  Overload 1 of 2, '(type: keyof WindowEventMap, listener: (this: Window, ev: Event | ErrorEvent | MouseEvent | UIEvent | ProgressEvent<EventTarget> | ... 27 more ... | StorageEvent) => any, options?: boolean | AddEventListenerOptions): void', gave the following error.
    Argument of type '"test"' is not assignable to parameter of type 'keyof WindowEventMap'.
  Overload 2 of 2, '(type: string, listener: EventListenerOrEventListenerObject, options?: boolean | AddEventListenerOptions): void', gave the following error.
    Argument of type '{ readonly passive: void; }' is not assignable to parameter of type 'EventListenerOrEventListenerObject'.
node_modules/react-dom/cjs/react-dom-client.production.js(1570,12): error TS2769: No overload matches this call.
  Overload 1 of 2, '(type: keyof WindowEventMap, listener: (this: Window, ev: Event | ErrorEvent | MouseEvent | UIEvent | ProgressEvent<EventTarget> | ... 27 more ... | StorageEvent) => any, options?: boolean | EventListenerOptions): void', gave the following error.
    Argument of type '"test"' is not assignable to parameter of type 'keyof WindowEventMap'.
  Overload 2 of 2, '(type: string, listener: EventListenerOrEventListenerObject, options?: boolean | EventListenerOptions): void', gave the following error.
    Argument of type '{ readonly passive: void; }' is not assignable to parameter of type 'EventListenerOrEventListenerObject'.
node_modules/react-dom/cjs/react-dom-client.production.js(1646,12): error TS2339: Property 'defaultPrevented' does not exist on type '{ preventDefault: typeof preventDefault; stopPropagation: typeof stopPropagation; persist: () => void; isPersistent: () => boolean; }'.
node_modules/react-dom/cjs/react-dom-client.production.js(1647,24): error TS2339: Property 'nativeEvent' does not exist on type '{ preventDefault: typeof preventDefault; stopPropagation: typeof stopPropagation; persist: () => void; isPersistent: () => boolean; }'.
node_modules/react-dom/cjs/react-dom-client.production.js(1651,13): error TS2367: This comparison appears to be unintentional because the types '"unknown"' and '"string" | "number" | "bigint" | "boolean" | "symbol" | "undefined" | "object" | "function"' have no overlap.
node_modules/react-dom/cjs/react-dom-client.production.js(1652,15): error TS2339: Property 'isDefaultPrevented' does not exist on type '{ preventDefault: typeof preventDefault; stopPropagation: typeof stopPropagation; persist: () => void; isPersistent: () => boolean; }'.
node_modules/react-dom/cjs/react-dom-client.production.js(1655,24): error TS2339: Property 'nativeEvent' does not exist on type '{ preventDefault: typeof preventDefault; stopPropagation: typeof stopPropagation; persist: () => void; isPersistent: () => boolean; }'.
node_modules/react-dom/cjs/react-dom-client.production.js(1659,13): error TS2367: This comparison appears to be unintentional because the types '"unknown"' and '"string" | "number" | "bigint" | "boolean" | "symbol" | "undefined" | "object" | "function"' have no overlap.
node_modules/react-dom/cjs/react-dom-client.production.js(1661,15): error TS2339: Property 'isPropagationStopped' does not exist on type '{ preventDefault: typeof preventDefault; stopPropagation: typeof stopPropagation; persist: () => void; isPersistent: () => boolean; }'.
node_modules/react-dom/cjs/react-dom-client.production.js(1734,18): error TS2551: Property 'clipboardData' does not exist on type 'Window & typeof globalThis'. Did you mean 'Clipboard'?
node_modules/react-dom/cjs/react-dom-client.production.js(1914,24): error TS2365: Operator '<' cannot be applied to types 'number' and 'unknown'.
node_modules/react-dom/cjs/react-dom-client.production.js(1914,44): error TS2365: Operator '>=' cannot be applied to types 'number' and 'unknown'.
node_modules/react-dom/cjs/react-dom-client.production.js(2060,16): error TS2551: Property 'documentMode' does not exist on type 'Document'. Did you mean 'DOCUMENT_NODE'?
node_modules/react-dom/cjs/react-dom-client.production.js(2060,45): error TS2551: Property 'documentMode' does not exist on type 'Document'. Did you mean 'DOCUMENT_NODE'?
node_modules/react-dom/cjs/react-dom-client.production.js(2121,8): error TS2322: Type 'number' is not assignable to type 'string[]'.
node_modules/react-dom/cjs/react-dom-client.production.js(2121,19): error TS2365: Operator '<' cannot be applied to types 'string[]' and 'number'.
node_modules/react-dom/cjs/react-dom-client.production.js(2121,41): error TS2356: An arithmetic operand must be of type 'any', 'number', 'bigint' or an enum type.
node_modules/react-dom/cjs/react-dom-client.production.js(2122,28): error TS2538: Type 'string[]' cannot be used as an index type.
node_modules/react-dom/cjs/react-dom-client.production.js(2212,48): error TS2365: Operator '>=' cannot be applied to types 'number' and 'unknown'.
node_modules/react-dom/cjs/react-dom-client.production.js(2328,33): error TS2591: Cannot find name 'process'. Do you need to install type definitions for node? Try `npm i --save-dev @types/node` and then add 'node' to the types field in your tsconfig.
node_modules/react-dom/cjs/react-dom-client.production.js(2329,35): error TS2591: Cannot find name 'process'. Do you need to install type definitions for node? Try `npm i --save-dev @types/node` and then add 'node' to the types field in your tsconfig.
node_modules/react-dom/cjs/react-dom-client.production.js(2331,13): error TS2591: Cannot find name 'process'. Do you need to install type definitions for node? Try `npm i --save-dev @types/node` and then add 'node' to the types field in your tsconfig.
node_modules/react-dom/cjs/react-dom-client.production.js(2399,11): error TS2322: Type 'number' is not assignable to type 'boolean'.
node_modules/react-dom/cjs/react-dom-client.production.js(2401,34): error TS2538: Type 'boolean' cannot be used as an index type.
node_modules/react-dom/cjs/react-dom-client.production.js(2403,26): error TS2538: Type 'boolean' cannot be used as an index type.
node_modules/react-dom/cjs/react-dom-client.production.js(2687,5): error TS2322: Type 'string' is not assignable to type 'number'.
node_modules/react-dom/cjs/react-dom-client.production.js(4056,24): error TS18047: 'newLast' is possibly 'null'.
node_modules/react-dom/cjs/react-dom-client.production.js(4178,30): error TS2339: Property 'push' does not exist on type 'boolean'.
node_modules/react-dom/cjs/react-dom-client.production.js(4180,10): error TS2322: Type '{ lane: number; tag: any; payload: any; callback: any; next: null; }' is not assignable to type 'boolean'.
node_modules/react-dom/cjs/react-dom-client.production.js(4198,44): error TS2339: Property 'next' does not exist on type 'boolean'.
node_modules/react-dom/cjs/react-dom-client.production.js(4199,29): error TS2339: Property 'next' does not exist on type 'boolean'.
node_modules/react-dom/cjs/react-dom-client.production.js(4266,35): error TS2554: Expected 0 arguments, but got 1.
node_modules/react-dom/cjs/react-dom-client.production.js(4500,15): error TS2339: Property 'memoizedState' does not exist on type 'number'.
node_modules/react-dom/cjs/react-dom-client.production.js(4502,21): error TS2339: Property 'alternate' does not exist on type 'number'.
node_modules/react-dom/cjs/react-dom-client.production.js(4504,40): error TS2339: Property 'memoizedState' does not exist on type 'number'.
node_modules/react-dom/cjs/react-dom-client.production.js(4590,33): error TS18047: 'newBaseQueueLast' is possibly 'null'.
node_modules/react-dom/cjs/react-dom-client.production.js(4608,12): error TS2322: Type '{ lane: number; revertLane: any; gesture: null; action: any; hasEagerState: any; eagerState: any; next: null; }' is not assignable to type 'number'.
node_modules/react-dom/cjs/react-dom-client.production.js(4620,37): error TS18047: 'newBaseQueueLast' is possibly 'null'.
node_modules/react-dom/cjs/react-dom-client.production.js(4642,35): error TS18047: 'newBaseQueueLast' is possibly 'null'.
node_modules/react-dom/cjs/react-dom-client.production.js(4940,17): error TS2367: This comparison appears to be unintentional because the types 'string' and 'boolean' have no overlap.
node_modules/react-dom/cjs/react-dom-client.production.js(4940,47): error TS2367: This comparison appears to be unintentional because the types 'string' and 'boolean' have no overlap.
node_modules/react-dom/cjs/react-dom-client.production.js(5238,27): error TS2554: Expected 0 arguments, but got 1.
node_modules/react-dom/cjs/react-dom-client.production.js(5245,27): error TS2554: Expected 0 arguments, but got 1.
node_modules/react-dom/cjs/react-dom-client.production.js(5635,9): error TS2322: Type 'number' is not assignable to type 'string'.
node_modules/react-dom/cjs/react-dom-client.production.js(5636,9): error TS2365: Operator '<' cannot be applied to types 'number' and 'string'.
node_modules/react-dom/cjs/react-dom-client.production.js(5637,72): error TS2554: Expected 0 arguments, but got 1.
node_modules/react-dom/cjs/react-dom-client.production.js(5640,10): error TS2322: Type 'number' is not assignable to type 'string'.
node_modules/react-dom/cjs/react-dom-client.production.js(5645,47): error TS2554: Expected 0 arguments, but got 1.
node_modules/react-dom/cjs/react-dom-client.production.js(6039,57): error TS2554: Expected 0-1 arguments, but got 2.
node_modules/react-dom/cjs/react-dom-client.production.js(6042,64): error TS2554: Expected 0-1 arguments, but got 2.
node_modules/react-dom/cjs/react-dom-client.production.js(6063,57): error TS2554: Expected 0-1 arguments, but got 2.
node_modules/react-dom/cjs/react-dom-client.production.js(6090,52): error TS2339: Property 'componentDidCatch' does not exist on type 'Error'.
node_modules/react-dom/cjs/react-dom-client.production.js(6149,3): error TS2322: Type 'boolean' is not assignable to type 'string'.
node_modules/react-dom/cjs/react-dom-client.production.js(6307,37): error TS2554: Expected 0 arguments, but got 1.
node_modules/react-dom/cjs/react-dom-client.production.js(6311,37): error TS2554: Expected 0 arguments, but got 1.
node_modules/react-dom/cjs/react-dom-client.production.js(6851,39): error TS2554: Expected 0 arguments, but got 1.
node_modules/react-dom/cjs/react-dom-client.production.js(6884,37): error TS2554: Expected 0 arguments, but got 1.
node_modules/react-dom/cjs/react-dom-client.production.js(6928,42): error TS2554: Expected 0 arguments, but got 1.
node_modules/react-dom/cjs/react-dom-client.production.js(6932,42): error TS2554: Expected 0 arguments, but got 1.
node_modules/react-dom/cjs/react-dom-client.production.js(7033,35): error TS2554: Expected 0 arguments, but got 1.
node_modules/react-dom/cjs/react-dom-client.production.js(7067,16): error TS2322: Type 'boolean | { parent: any; pool: any; }' is not assignable to type 'boolean'.
  Type '{ parent: any; pool: any; }' is not assignable to type 'boolean'.
node_modules/react-dom/cjs/react-dom-client.production.js(7068,30): error TS2339: Property 'parent' does not exist on type 'boolean'.
node_modules/react-dom/cjs/react-dom-client.production.js(7071,16): error TS2322: Type '{ parent: any; pool: any; }' is not assignable to type 'boolean'.
node_modules/react-dom/cjs/react-dom-client.production.js(7371,28): error TS2339: Property 'rendering' does not exist on type 'boolean'.
node_modules/react-dom/cjs/react-dom-client.production.js(7372,27): error TS2339: Property 'tail' does not exist on type 'boolean'.
node_modules/react-dom/cjs/react-dom-client.production.js(7373,27): error TS2339: Property 'lastEffect' does not exist on type 'boolean'.
node_modules/react-dom/cjs/react-dom-client.production.js(8041,58): error TS2554: Expected 0-1 arguments, but got 2.
node_modules/react-dom/cjs/react-dom-client.production.js(8062,56): error TS2554: Expected 0-1 arguments, but got 2.
node_modules/react-dom/cjs/react-dom-client.production.js(8934,17): error TS2322: Type 'number' is not assignable to type '{ start: any; end: any; }'.
node_modules/react-dom/cjs/react-dom-client.production.js(8936,17): error TS2356: An arithmetic operand must be of type 'any', 'number', 'bigint' or an enum type.
node_modules/react-dom/cjs/react-dom-client.production.js(8938,38): error TS2538: Type '{ start: any; end: any; }' cannot be used as an index type.
node_modules/react-dom/cjs/react-dom-client.production.js(8975,17): error TS2367: This comparison appears to be unintentional because the types 'number' and '{ start: any; end: any; }' have no overlap.
node_modules/react-dom/cjs/react-dom-client.production.js(8978,24): error TS2367: This comparison appears to be unintentional because the types 'number' and '{ start: any; end: any; }' have no overlap.
node_modules/react-dom/cjs/react-dom-client.production.js(9360,52): error TS2351: This expression is not constructable.
  Each member of the union type 'SetConstructor | (WeakSetConstructor & Function)' has construct signatures, but none of those signatures are compatible with each other.
node_modules/react-dom/cjs/react-dom-client.production.js(9367,56): error TS2351: This expression is not constructable.
  Each member of the union type 'SetConstructor | (WeakSetConstructor & Function)' has construct signatures, but none of those signatures are compatible with each other.
node_modules/react-dom/cjs/react-dom-client.production.js(9751,51): error TS2339: Property 'stateNode' does not exist on type 'boolean'.
node_modules/react-dom/cjs/react-dom-client.production.js(9757,33): error TS2339: Property 'stateNode' does not exist on type 'boolean'.
node_modules/react-dom/cjs/react-dom-client.production.js(9758,45): error TS2339: Property 'memoizedProps' does not exist on type 'boolean'.
node_modules/react-dom/cjs/react-dom-client.production.js(9765,21): error TS2339: Property 'style' does not exist on type 'number'.
node_modules/react-dom/cjs/react-dom-client.production.js(9771,62): error TS2339: Property 'return' does not exist on type 'boolean'.
node_modules/react-dom/cjs/react-dom-client.production.js(9778,27): error TS2339: Property 'stateNode' does not exist on type 'boolean'.
node_modules/react-dom/cjs/react-dom-client.production.js(9780,31): error TS2339: Property 'memoizedProps' does not exist on type 'boolean'.
node_modules/react-dom/cjs/react-dom-client.production.js(9782,62): error TS2339: Property 'return' does not exist on type 'boolean'.
node_modules/react-dom/cjs/react-dom-client.production.js(9789,42): error TS2339: Property 'stateNode' does not exist on type 'boolean'.
node_modules/react-dom/cjs/react-dom-client.production.js(9792,62): error TS2339: Property 'stateNode' does not exist on type 'boolean'.
node_modules/react-dom/cjs/react-dom-client.production.js(9794,62): error TS2339: Property 'return' does not exist on type 'boolean'.
node_modules/react-dom/cjs/react-dom-client.production.js(10530,11): error TS2339: Property '_visibility' does not exist on type 'number'.
node_modules/react-dom/cjs/react-dom-client.production.js(10531,15): error TS2339: Property '_visibility' does not exist on type 'number'.
node_modules/react-dom/cjs/react-dom-client.production.js(10650,26): error TS2339: Property 'flags' does not exist on type 'number'.
node_modules/react-dom/cjs/react-dom-client.production.js(10710,56): error TS2363: The right-hand side of an arithmetic operation must be of type 'any', 'number', 'bigint' or an enum type.
node_modules/react-dom/cjs/react-dom-client.production.js(10738,52): error TS2363: The right-hand side of an arithmetic operation must be of type 'any', 'number', 'bigint' or an enum type.
node_modules/react-dom/cjs/react-dom-client.production.js(10740,19): error TS2363: The right-hand side of an arithmetic operation must be of type 'any', 'number', 'bigint' or an enum type.
node_modules/react-dom/cjs/react-dom-client.production.js(10749,57): error TS2339: Property 'push' does not exist on type 'number'.
node_modules/react-dom/cjs/react-dom-client.production.js(10767,9): error TS2322: Type 'number' is not assignable to type 'boolean'.
node_modules/react-dom/cjs/react-dom-client.production.js(10769,16): error TS2678: Type 'number' is not comparable to type 'boolean'.
node_modules/react-dom/cjs/react-dom-client.production.js(10770,16): error TS2678: Type 'number' is not comparable to type 'boolean'.
node_modules/react-dom/cjs/react-dom-client.production.js(10772,16): error TS2678: Type 'number' is not comparable to type 'boolean'.
node_modules/react-dom/cjs/react-dom-client.production.js(10774,16): error TS2678: Type 'number' is not comparable to type 'boolean'.
node_modules/react-dom/cjs/react-dom-client.production.js(10782,16): error TS2678: Type 'number' is not comparable to type 'boolean'.
node_modules/react-dom/cjs/react-dom-client.production.js(10785,16): error TS2678: Type 'number' is not comparable to type 'boolean'.
node_modules/react-dom/cjs/react-dom-client.production.js(10786,16): error TS2678: Type 'number' is not comparable to type 'boolean'.
node_modules/react-dom/cjs/react-dom-client.production.js(10804,27): error TS2339: Property 'timeoutHandle' does not exist on type 'boolean'.
node_modules/react-dom/cjs/react-dom-client.production.js(10891,5): error TS2322: Type '(commit: any) => () => void' is not assignable to type 'number'.
node_modules/react-dom/cjs/react-dom-client.production.js(10897,34): error TS2349: This expression is not callable.
  Type 'Number' has no call signatures.
node_modules/react-dom/cjs/react-dom-client.production.js(11157,14): error TS2322: Type 'number' is not assignable to type '2 | 3 | 6 | 9'.
node_modules/react-dom/cjs/react-dom-client.production.js(11511,57): error TS2554: Expected 0-2 arguments, but got 3.
node_modules/react-dom/cjs/react-dom-client.production.js(11834,38): error TS2351: This expression is not constructable.
  Each member of the union type 'MapConstructor | (WeakMapConstructor & Function)' has construct signatures, but none of those signatures are compatible with each other.
node_modules/react-dom/cjs/react-dom-client.production.js(12182,24): error TS2339: Property 'preventDefault' does not exist on type 'SyntheticBaseEvent'.
node_modules/react-dom/cjs/react-dom-client.production.js(12394,6): error TS2322: Type 'boolean' is not assignable to type '(domEventName: any, eventSystemFlags: any, container: any, nativeEvent: any) => void'.
node_modules/react-dom/cjs/react-dom-client.production.js(12554,9): error TS2322: Type 'undefined[]' is not assignable to type 'boolean'.
node_modules/react-dom/cjs/react-dom-client.production.js(12568,30): error TS2339: Property 'push' does not exist on type 'boolean'.
node_modules/react-dom/cjs/react-dom-client.production.js(12574,28): error TS2339: Property 'length' does not exist on type 'boolean'.
node_modules/react-dom/cjs/react-dom-client.production.js(12589,9): error TS2322: Type 'boolean' is not assignable to type 'typeof SyntheticBaseEvent'.
node_modules/react-dom/cjs/react-dom-client.production.js(12620,20): error TS2367: This comparison appears to be unintentional because the types 'number' and 'boolean' have no overlap.
node_modules/react-dom/cjs/react-dom-client.production.js(12621,21): error TS2367: This comparison appears to be unintentional because the types 'number' and 'boolean' have no overlap.
node_modules/react-dom/cjs/react-dom-client.production.js(12622,21): error TS2367: This comparison appears to be unintentional because the types 'number' and 'boolean' have no overlap.
node_modules/react-dom/cjs/react-dom-client.production.js(12627,13): error TS2322: Type 'typeof SyntheticBaseEvent' is not assignable to type 'boolean'.
node_modules/react-dom/cjs/react-dom-client.production.js(12632,16): error TS2322: Type 'typeof SyntheticBaseEvent' is not assignable to type 'boolean'.
node_modules/react-dom/cjs/react-dom-client.production.js(12644,29): error TS2351: This expression is not constructable.
  Type 'Boolean' has no construct signatures.
node_modules/react-dom/cjs/react-dom-client.production.js(12655,38): error TS2351: This expression is not constructable.
  Type 'Boolean' has no construct signatures.
node_modules/react-dom/cjs/react-dom-client.production.js(12662,31): error TS2339: Property 'target' does not exist on type 'boolean'.
node_modules/react-dom/cjs/react-dom-client.production.js(12663,31): error TS2339: Property 'relatedTarget' does not exist on type 'boolean'.
node_modules/react-dom/cjs/react-dom-client.production.js(12668,17): error TS2322: Type '(inst: any) => any' is not assignable to type 'boolean'.
node_modules/react-dom/cjs/react-dom-client.production.js(12675,31): error TS2349: This expression is not callable.
  Type 'Boolean' has no call signatures.
node_modules/react-dom/cjs/react-dom-client.production.js(12679,59): error TS2349: This expression is not callable.
  Type 'Boolean' has no call signatures.
node_modules/react-dom/cjs/react-dom-client.production.js(12682,37): error TS2349: This expression is not callable.
  Type 'Boolean' has no call signatures.
node_modules/react-dom/cjs/react-dom-client.production.js(12685,31): error TS2349: This expression is not callable.
  Type 'Boolean' has no call signatures.
node_modules/react-dom/cjs/react-dom-client.production.js(12694,36): error TS2349: This expression is not callable.
  Type 'Boolean' has no call signatures.
node_modules/react-dom/cjs/react-dom-client.production.js(12695,30): error TS2349: This expression is not callable.
  Type 'Boolean' has no call signatures.
node_modules/react-dom/cjs/react-dom-client.production.js(12725,11): error TS2367: This comparison appears to be unintentional because the types 'string' and 'typeof SyntheticBaseEvent' have no overlap.
node_modules/react-dom/cjs/react-dom-client.production.js(12726,12): error TS2367: This comparison appears to be unintentional because the types 'string' and 'typeof SyntheticBaseEvent' have no overlap.
node_modules/react-dom/cjs/react-dom-client.production.js(12739,44): error TS2339: Property 'toLowerCase' does not exist on type 'typeof SyntheticBaseEvent'.
node_modules/react-dom/cjs/react-dom-client.production.js(12769,40): error TS2339: Property 'contentEditable' does not exist on type '(domEventName: any, target: any, targetInst: any) => void'.
node_modules/react-dom/cjs/react-dom-client.production.js(12826,10): error TS2322: Type '{ instance: any; listener: any; currentTarget: any; }[]' is not assignable to type '(domEventName: any, target: any, targetInst: any) => void'.
  Type '{ instance: any; listener: any; currentTarget: any; }[]' provides no match for the signature '(domEventName: any, target: any, targetInst: any): void'.
node_modules/react-dom/cjs/react-dom-client.production.js(12828,13): error TS2322: Type 'SyntheticBaseEvent' is not assignable to type 'string'.
node_modules/react-dom/cjs/react-dom-client.production.js(12837,26): error TS2339: Property 'data' does not exist on type 'string'.
node_modules/react-dom/cjs/react-dom-client.production.js(12839,51): error TS2339: Property 'data' does not exist on type 'string'.
node_modules/react-dom/cjs/react-dom-client.production.js(12845,10): error TS2322: Type '{ instance: any; listener: any; currentTarget: any; }[]' is not assignable to type 'string'.
node_modules/react-dom/cjs/react-dom-client.production.js(12847,15): error TS2322: Type 'SyntheticBaseEvent' is not assignable to type '(domEventName: any, target: any, targetInst: any) => void'.
  Type 'SyntheticBaseEvent' provides no match for the signature '(domEventName: any, target: any, targetInst: any): void'.
node_modules/react-dom/cjs/react-dom-client.production.js(12858,30): error TS2339: Property 'data' does not exist on type '(domEventName: any, target: any, targetInst: any) => void'.
node_modules/react-dom/cjs/react-dom-client.production.js(13390,12): error TS2405: The left-hand side of a 'for...in' statement must be of type 'string' or 'any'.
node_modules/react-dom/cjs/react-dom-client.production.js(13392,37): error TS2538: Type 'boolean' cannot be used as an index type.
node_modules/react-dom/cjs/react-dom-client.production.js(13395,20): error TS2678: Type 'string' is not comparable to type 'boolean'.
node_modules/react-dom/cjs/react-dom-client.production.js(13398,20): error TS2678: Type 'string' is not comparable to type 'boolean'.
node_modules/react-dom/cjs/react-dom-client.production.js(13401,20): error TS2678: Type 'string' is not comparable to type 'boolean'.
node_modules/react-dom/cjs/react-dom-client.production.js(13404,20): error TS2678: Type 'string' is not comparable to type 'boolean'.
node_modules/react-dom/cjs/react-dom-client.production.js(13407,20): error TS2678: Type 'string' is not comparable to type 'boolean'.
node_modules/react-dom/cjs/react-dom-client.production.js(13410,20): error TS2678: Type 'string' is not comparable to type 'boolean'.
node_modules/react-dom/cjs/react-dom-client.production.js(13413,20): error TS2678: Type 'string' is not comparable to type 'boolean'.
node_modules/react-dom/cjs/react-dom-client.production.js(13414,20): error TS2678: Type 'string' is not comparable to type 'boolean'.
node_modules/react-dom/cjs/react-dom-client.production.js(13436,12): error TS2405: The left-hand side of a 'for...in' statement must be of type 'string' or 'any'.
node_modules/react-dom/cjs/react-dom-client.production.js(13439,34): error TS2538: Type 'boolean' cannot be used as an index type.
node_modules/react-dom/cjs/react-dom-client.production.js(13442,18): error TS2678: Type 'string' is not comparable to type 'boolean'.
node_modules/react-dom/cjs/react-dom-client.production.js(13445,18): error TS2678: Type 'string' is not comparable to type 'boolean'.
node_modules/react-dom/cjs/react-dom-client.production.js(13448,18): error TS2678: Type 'string' is not comparable to type 'boolean'.
node_modules/react-dom/cjs/react-dom-client.production.js(13515,12): error TS2322: Type 'number' is not assignable to type 'boolean'.
node_modules/react-dom/cjs/react-dom-client.production.js(13515,24): error TS2365: Operator '<' cannot be applied to types 'boolean' and 'number'.
node_modules/react-dom/cjs/react-dom-client.production.js(13515,57): error TS2356: An arithmetic operand must be of type 'any', 'number', 'bigint' or an enum type.
node_modules/react-dom/cjs/react-dom-client.production.js(13516,51): error TS2538: Type 'boolean' cannot be used as an index type.
node_modules/react-dom/cjs/react-dom-client.production.js(13931,30): error TS2339: Property 'transferSize' does not exist on type 'PerformanceEntry'.
node_modules/react-dom/cjs/react-dom-client.production.js(13932,31): error TS2339: Property 'initiatorType' does not exist on type 'PerformanceEntry'.
node_modules/react-dom/cjs/react-dom-client.production.js(13936,26): error TS2339: Property 'responseEnd' does not exist on type 'PerformanceEntry'.
node_modules/react-dom/cjs/react-dom-client.production.js(13941,50): error TS2339: Property 'transferSize' does not exist on type 'PerformanceEntry'.
node_modules/react-dom/cjs/react-dom-client.production.js(13942,49): error TS2339: Property 'initiatorType' does not exist on type 'PerformanceEntry'.
node_modules/react-dom/cjs/react-dom-client.production.js(13945,43): error TS2339: Property 'responseEnd' does not exist on type 'PerformanceEntry'.
node_modules/react-dom/cjs/react-dom-client.production.js(13948,16): error TS2365: Operator '<' cannot be applied to types 'PerformanceEntry' and 'number'.
node_modules/react-dom/cjs/react-dom-client.production.js(13951,20): error TS2362: The left-hand side of an arithmetic operation must be of type 'any', 'number', 'bigint' or an enum type.
node_modules/react-dom/cjs/react-dom-client.production.js(13961,20): error TS2339: Property 'connection' does not exist on type 'Navigator'.
node_modules/react-dom/cjs/react-dom-client.production.js(13962,25): error TS2339: Property 'connection' does not exist on type 'Navigator'.
node_modules/react-dom/cjs/react-dom-client.production.js(14529,14): error TS2339: Property '_p' does not exist on type 'HTMLLinkElement'.
node_modules/react-dom/cjs/react-dom-client.production.js(14886,8): error TS2322: Type 'number' is not assignable to type 'Map<any, any>'.
node_modules/react-dom/cjs/react-dom-client.production.js(14886,51): error TS2356: An arithmetic operand must be of type 'any', 'number', 'bigint' or an enum type.
node_modules/react-dom/cjs/react-dom-client.production.js(14887,30): error TS2538: Type 'Map<any, any>' cannot be used as an index type.
node_modules/react-dom/cjs/react-dom-client.production.js(15057,8): error TS2339: Property 'count' does not exist on type 'onUnsuspend'.
node_modules/react-dom/cjs/react-dom-client.production.js(15058,18): error TS2339: Property 'count' does not exist on type 'onUnsuspend'.
node_modules/react-dom/cjs/react-dom-client.production.js(15058,39): error TS2339: Property 'imgCount' does not exist on type 'onUnsuspend'.
node_modules/react-dom/cjs/react-dom-client.production.js(15058,57): error TS2339: Property 'waitingForImages' does not exist on type 'onUnsuspend'.
node_modules/react-dom/cjs/react-dom-client.production.js(15059,14): error TS2339: Property 'stylesheets' does not exist on type 'onUnsuspend'.
node_modules/react-dom/cjs/react-dom-client.production.js(15059,65): error TS2339: Property 'stylesheets' does not exist on type 'onUnsuspend'.
node_modules/react-dom/cjs/react-dom-client.production.js(15063,7): error TS2349: This expression is not callable.
  Type 'never' has no call signatures.
node_modules/react-dom/cjs/react-dom-client.production.js(15110,11): error TS2339: Property 'parentNode' does not exist on type 'number'.
node_modules/react-dom/cjs/react-dom-client.production.js(15110,44): error TS2339: Property 'nextSibling' does not exist on type 'number'.
node_modules/react-dom/cjs/react-dom-client.production.js(15799,58): error TS2339: Property 'blockedOn' does not exist on type 'number'.
node_modules/react-dom/cjs/react-dom-client.production.js(15803,18): error TS2339: Property 'blockedOn' does not exist on type 'number'.
node_modules/react-dom/cjs/react-dom-client.production.js(15806,45): error TS2339: Property 'length' does not exist on type 'number'.
node_modules/react-dom/cjs/react-dom-client.production.js(15826,16): error TS2339: Property 'splice' does not exist on type 'number'.
node_modules/react-dom/cjs/react-dom-client.production.js(15850,26): error TS2304: Cannot find name 'navigation'.
node_modules/react-dom/cjs/react-dom-client.production.js(15851,26): error TS2304: Cannot find name 'navigation'.
node_modules/react-dom/cjs/react-dom-client.production.js(15854,9): error TS2304: Cannot find name 'navigation'.
node_modules/react-dom/cjs/react-dom-client.production.js(15861,27): error TS2304: Cannot find name 'navigation'.
node_modules/react-dom/cjs/react-dom-client.production.js(15864,5): error TS2304: Cannot find name 'navigation'.
node_modules/react-dom/cjs/react-dom-client.production.js(15865,5): error TS2304: Cannot find name 'navigation'.
node_modules/react-dom/cjs/react-dom-client.production.js(15866,5): error TS2304: Cannot find name 'navigation'.
node_modules/react-dom/cjs/react-dom-client.production.js(15870,7): error TS2304: Cannot find name 'navigation'.
node_modules/react-dom/cjs/react-dom-client.production.js(15871,7): error TS2304: Cannot find name 'navigation'.
node_modules/react-dom/cjs/react-dom-client.production.js(15872,7): error TS2304: Cannot find name 'navigation'.
node_modules/react-dom/cjs/react-dom-client.production.js(15953,28): error TS2304: Cannot find name '__REACT_DEVTOOLS_GLOBAL_HOOK__'.
node_modules/react-dom/cjs/react-dom-client.production.js(15954,33): error TS2304: Cannot find name '__REACT_DEVTOOLS_GLOBAL_HOOK__'.
node_modules/react-dom/cjs/react-dom-client.production.js(16038,3): error TS2322: Type '{ lane: any; tag: number; payload: any; callback: any; next: any; }' is not assignable to type 'string'.
node_modules/react-dom/cjs/react-dom-client.production.js(16039,20): error TS2339: Property 'callback' does not exist on type 'string'.
node_modules/react-dom/client.js(6,12): error TS2304: Cannot find name '__REACT_DEVTOOLS_GLOBAL_HOOK__'.
node_modules/react-dom/client.js(7,12): error TS2304: Cannot find name '__REACT_DEVTOOLS_GLOBAL_HOOK__'.
node_modules/react-dom/client.js(11,7): error TS2591: Cannot find name 'process'. Do you need to install type definitions for node? Try `npm i --save-dev @types/node` and then add 'node' to the types field in your tsconfig.
node_modules/react-dom/client.js(23,5): error TS2304: Cannot find name '__REACT_DEVTOOLS_GLOBAL_HOOK__'.
node_modules/react-dom/client.js(31,5): error TS2591: Cannot find name 'process'. Do you need to install type definitions for node? Try `npm i --save-dev @types/node` and then add 'node' to the types field in your tsconfig.
node_modules/react-dom/index.js(6,12): error TS2304: Cannot find name '__REACT_DEVTOOLS_GLOBAL_HOOK__'.
node_modules/react-dom/index.js(7,12): error TS2304: Cannot find name '__REACT_DEVTOOLS_GLOBAL_HOOK__'.
node_modules/react-dom/index.js(11,7): error TS2591: Cannot find name 'process'. Do you need to install type definitions for node? Try `npm i --save-dev @types/node` and then add 'node' to the types field in your tsconfig.
node_modules/react-dom/index.js(23,5): error TS2304: Cannot find name '__REACT_DEVTOOLS_GLOBAL_HOOK__'.
node_modules/react-dom/index.js(31,5): error TS2591: Cannot find name 'process'. Do you need to install type definitions for node? Try `npm i --save-dev @types/node` and then add 'node' to the types field in your tsconfig.
node_modules/react/cjs/react-jsx-runtime.development.js(12,18): error TS2591: Cannot find name 'process'. Do you need to install type definitions for node? Try `npm i --save-dev @types/node` and then add 'node' to the types field in your tsconfig.
node_modules/react/cjs/react-jsx-runtime.development.js(83,9): error TS2322: Type 'Console' is not assignable to type 'boolean'.
node_modules/react/cjs/react-jsx-runtime.development.js(84,62): error TS2339: Property 'error' does not exist on type 'boolean'.
node_modules/react/cjs/react-jsx-runtime.development.js(124,30): error TS2339: Property 'isReactWarning' does not exist on type '() => any'.
node_modules/react/cjs/react-jsx-runtime.development.js(230,13): error TS2322: Type 'string' is not assignable to type 'string[]'.
node_modules/react/cjs/react-jsx-runtime.development.js(305,28): error TS2339: Property 'createTask' does not exist on type 'Console'.
node_modules/react/cjs/react-jsx-runtime.development.js(306,19): error TS2339: Property 'createTask' does not exist on type 'Console'.
node_modules/react/cjs/react-jsx-runtime.development.js(310,5): error TS2632: Cannot assign to 'React' because it is an import.
node_modules/react/cjs/react-jsx-runtime.development.js(317,40): error TS2339: Property 'react_stack_bottom_frame' does not exist on type '{ Activity: symbol; Children: { map: (children: any, func: any, context: any) => any; forEach: (children: any, forEachFunc: any, forEachContext: any) => void; count: (children: any) => number; toArray: (children: any) => any; only: (children: any) => any; }; ... 39 more ...; version: "19.2.3"; } | { ...; }'.
  Property 'react_stack_bottom_frame' does not exist on type '{ Activity: symbol; Children: { map: (children: any, func: any, context: any) => any; forEach: (children: any, forEachFunc: any, forEachContext: any) => void; count: (children: any) => number; toArray: (children: any) => any; only: (children: any) => any; }; ... 39 more ...; version: "19.2.3"; }'.
node_modules/react/cjs/react.development.js(12,18): error TS2591: Cannot find name 'process'. Do you need to install type definitions for node? Try `npm i --save-dev @types/node` and then add 'node' to the types field in your tsconfig.
node_modules/react/cjs/react.development.js(72,9): error TS2322: Type 'Console' is not assignable to type 'boolean'.
node_modules/react/cjs/react.development.js(73,62): error TS2339: Property 'error' does not exist on type 'boolean'.
node_modules/react/cjs/react.development.js(171,30): error TS2339: Property 'isReactWarning' does not exist on type '() => any'.
node_modules/react/cjs/react.development.js(346,21): error TS2349: This expression is not callable.
  Type 'Boolean' has no call signatures.
node_modules/react/cjs/react.development.js(371,52): error TS2339: Property 'key' does not exist on type 'true'.
node_modules/react/cjs/react.development.js(377,53): error TS2339: Property 'key' does not exist on type 'true'.
node_modules/react/cjs/react.development.js(388,40): error TS2339: Property 'key' does not exist on type 'boolean'.
node_modules/react/cjs/react.development.js(389,32): error TS2339: Property '_store' does not exist on type 'boolean'.
node_modules/react/cjs/react.development.js(390,33): error TS2339: Property '_store' does not exist on type 'boolean'.
node_modules/react/cjs/react.development.js(396,7): error TS2322: Type 'number' is not assignable to type 'boolean'.
node_modules/react/cjs/react.development.js(417,26): error TS2339: Property 'call' does not exist on type 'never'.
node_modules/react/cjs/react.development.js(530,30): error TS2591: Cannot find name 'module'. Do you need to install type definitions for node? Try `npm i --save-dev @types/node` and then add 'node' to the types field in your tsconfig.
node_modules/react/cjs/react.development.js(530,40): error TS2591: Cannot find name 'module'. Do you need to install type definitions for node? Try `npm i --save-dev @types/node` and then add 'node' to the types field in your tsconfig.
node_modules/react/cjs/react.development.js(531,13): error TS2591: Cannot find name 'module'. Do you need to install type definitions for node? Try `npm i --save-dev @types/node` and then add 'node' to the types field in your tsconfig.
node_modules/react/cjs/react.development.js(550,57): error TS2552: Cannot find name 'AggregateError'. Did you mean 'aggregateErrors'?
node_modules/react/cjs/react.development.js(551,15): error TS2552: Cannot find name 'AggregateError'. Did you mean 'aggregateErrors'?
node_modules/react/cjs/react.development.js(609,28): error TS2304: Cannot find name '__REACT_DEVTOOLS_GLOBAL_HOOK__'.
node_modules/react/cjs/react.development.js(611,16): error TS2304: Cannot find name '__REACT_DEVTOOLS_GLOBAL_HOOK__'.
node_modules/react/cjs/react.development.js(612,7): error TS2304: Cannot find name '__REACT_DEVTOOLS_GLOBAL_HOOK__'.
node_modules/react/cjs/react.development.js(670,10): error TS2405: The left-hand side of a 'for...in' statement must be of type 'string' or 'any'.
node_modules/react/cjs/react.development.js(671,37): error TS2345: Argument of type '{ map: (children: any, func: any, context: any) => any; forEach: (children: any, forEachFunc: any, forEachContext: any) => void; count: (children: any) => number; toArray: (children: any) => any; only: (children: any) => any; }' is not assignable to parameter of type 'PropertyKey'.
node_modules/react/cjs/react.development.js(695,28): error TS2339: Property 'createTask' does not exist on type 'Console'.
node_modules/react/cjs/react.development.js(696,19): error TS2339: Property 'createTask' does not exist on type 'Console'.
node_modules/react/cjs/react.development.js(700,5): error TS2739: Type '{ react_stack_bottom_frame: (callStackForError: any) => any; }' is missing the following properties from type '{ isMounted: string[]; replaceState: string[]; }': isMounted, replaceState
node_modules/react/cjs/react.development.js(735,37): error TS2591: Cannot find name 'process'. Do you need to install type definitions for node? Try `npm i --save-dev @types/node` and then add 'node' to the types field in your tsconfig.
node_modules/react/cjs/react.development.js(736,39): error TS2591: Cannot find name 'process'. Do you need to install type definitions for node? Try `npm i --save-dev @types/node` and then add 'node' to the types field in your tsconfig.
node_modules/react/cjs/react.development.js(738,17): error TS2591: Cannot find name 'process'. Do you need to install type definitions for node? Try `npm i --save-dev @types/node` and then add 'node' to the types field in your tsconfig.
node_modules/react/cjs/react.development.js(756,5): error TS2739: Type 'Function' is missing the following properties from type '{ isMounted: string[]; replaceState: string[]; }': isMounted, replaceState
node_modules/react/cjs/react.development.js(757,7): error TS2769: No overload matches this call.
  Overload 1 of 3, '(f: Function): Function', gave the following error.
    Object literal may only specify known properties, and '__proto__' does not exist in type 'Function'.
  Overload 2 of 3, '(o: { isMounted: string[]; replaceState: string[]; }): Readonly<{ isMounted: string[]; replaceState: string[]; }>', gave the following error.
    Object literal may only specify known properties, and '__proto__' does not exist in type '{ isMounted: string[]; replaceState: string[]; }'.
  Overload 3 of 3, '(o: { isMounted: string[]; replaceState: string[]; }): Readonly<{ isMounted: string[]; replaceState: string[]; }>', gave the following error.
    Object literal may only specify known properties, and '__proto__' does not exist in type '{ isMounted: string[]; replaceState: string[]; }'.
node_modules/react/cjs/react.development.js(948,38): error TS2339: Property 'isReactWarning' does not exist on type '() => any'.
node_modules/react/cjs/react.development.js(958,14): error TS2405: The left-hand side of a 'for...in' statement must be of type 'string' or 'any'.
node_modules/react/cjs/react.development.js(960,13): error TS2367: This comparison appears to be unintentional because the types 'string' and 'number' have no overlap.
node_modules/react/cjs/react.development.js(961,13): error TS2367: This comparison appears to be unintentional because the types 'string' and 'number' have no overlap.
node_modules/react/cjs/react.development.js(962,13): error TS2367: This comparison appears to be unintentional because the types 'string' and 'number' have no overlap.
node_modules/react/cjs/react.development.js(963,14): error TS2367: This comparison appears to be unintentional because the types 'string' and 'number' have no overlap.
node_modules/react/cjs/react.development.js(1007,7): error TS2322: Type '{}' is not assignable to type 'number'.
node_modules/react/cjs/react.development.js(1010,14): error TS2405: The left-hand side of a 'for...in' statement must be of type 'string' or 'any'.
node_modules/react/cjs/react.development.js(1021,13): error TS2367: This comparison appears to be unintentional because the types 'string' and 'boolean' have no overlap.
node_modules/react/cjs/react.development.js(1022,13): error TS2367: This comparison appears to be unintentional because the types 'string' and 'boolean' have no overlap.
node_modules/react/cjs/react.development.js(1023,13): error TS2367: This comparison appears to be unintentional because the types 'string' and 'boolean' have no overlap.
node_modules/react/cjs/react.development.js(1024,16): error TS2538: Type 'boolean' cannot be used as an index type.
node_modules/react/cjs/react.development.js(1024,35): error TS2538: Type 'boolean' cannot be used as an index type.
node_modules/react/cjs/react.development.js(1026,35): error TS2339: Property 'children' does not exist on type 'number'.
node_modules/react/cjs/react.development.js(1035,11): error TS2339: Property 'children' does not exist on type 'number'.
node_modules/react/cjs/react.development.js(1038,14): error TS2405: The left-hand side of a 'for...in' statement must be of type 'string' or 'any'.
node_modules/react/cjs/react.development.js(1038,26): error TS2407: The right-hand side of a 'for...in' statement must be of type 'any', an object type or a type parameter, but here has type 'number'.
node_modules/react/cjs/react.development.js(1039,24): error TS2538: Type 'boolean' cannot be used as an index type.
node_modules/react/cjs/react.development.js(1039,40): error TS2538: Type 'boolean' cannot be used as an index type.
node_modules/react/cjs/react.development.js(1039,67): error TS2538: Type 'boolean' cannot be used as an index type.
node_modules/react/cjs/react.development.js(1118,30): error TS2339: Property 'createTask' does not exist on type 'Console'.
node_modules/react/cjs/react.development.js(1118,51): error TS2339: Property 'createTask' does not exist on type 'Console'.
node_modules/react/cjs/react.development.js(1280,28): error TS2304: Cannot find name '__REACT_DEVTOOLS_GLOBAL_HOOK__'.
node_modules/react/cjs/react.development.js(1282,16): error TS2304: Cannot find name '__REACT_DEVTOOLS_GLOBAL_HOOK__'.
node_modules/react/cjs/react.development.js(1283,7): error TS2304: Cannot find name '__REACT_DEVTOOLS_GLOBAL_HOOK__'.
node_modules/react/cjs/react.production.js(168,17): error TS2349: This expression is not callable.
  Type 'Boolean' has no call signatures.
node_modules/react/cjs/react.production.js(186,30): error TS2339: Property 'replace' does not exist on type 'boolean'.
node_modules/react/cjs/react.production.js(207,3): error TS2322: Type 'number' is not assignable to type 'boolean'.
node_modules/react/cjs/react.production.js(222,20): error TS2339: Property 'call' does not exist on type 'never'.
node_modules/react/cjs/react.production.js(304,33): error TS2591: Cannot find name 'process'. Do you need to install type definitions for node? Try `npm i --save-dev @types/node` and then add 'node' to the types field in your tsconfig.
node_modules/react/cjs/react.production.js(305,35): error TS2591: Cannot find name 'process'. Do you need to install type definitions for node? Try `npm i --save-dev @types/node` and then add 'node' to the types field in your tsconfig.
node_modules/react/cjs/react.production.js(307,13): error TS2591: Cannot find name 'process'. Do you need to install type definitions for node? Try `npm i --save-dev @types/node` and then add 'node' to the types field in your tsconfig.
node_modules/react/cjs/react.production.js(377,10): error TS2405: The left-hand side of a 'for...in' statement must be of type 'string' or 'any'.
node_modules/react/cjs/react.production.js(379,9): error TS2367: This comparison appears to be unintentional because the types 'string' and 'number' have no overlap.
node_modules/react/cjs/react.production.js(380,9): error TS2367: This comparison appears to be unintentional because the types 'string' and 'number' have no overlap.
node_modules/react/cjs/react.production.js(381,9): error TS2367: This comparison appears to be unintentional because the types 'string' and 'number' have no overlap.
node_modules/react/cjs/react.production.js(382,10): error TS2367: This comparison appears to be unintentional because the types 'string' and 'number' have no overlap.
node_modules/react/cjs/react.production.js(428,22): error TS2407: The right-hand side of a 'for...in' statement must be of type 'any', an object type or a type parameter, but here has type 'number'.
node_modules/react/index.js(3,5): error TS2591: Cannot find name 'process'. Do you need to install type definitions for node? Try `npm i --save-dev @types/node` and then add 'node' to the types field in your tsconfig.
node_modules/react/jsx-runtime.js(3,5): error TS2591: Cannot find name 'process'. Do you need to install type definitions for node? Try `npm i --save-dev @types/node` and then add 'node' to the types field in your tsconfig.
node_modules/zxcvbn/lib/matching.js(275,34): error TS18048: 'ref' is possibly 'undefined'.
node_modules/zxcvbn/lib/matching.js(275,48): error TS18048: 'ref' is possibly 'undefined'.
node_modules/zxcvbn/lib/scoring.js(209,11): error TS2356: An arithmetic operand must be of type 'any', 'number', 'bigint' or an enum type.
src/App.jsx(85,42): error TS2604: JSX element type 'Suspense' does not have any construct or call signatures.
src/App.jsx(89,79): error TS2604: JSX element type 'HomePage' does not have any construct or call signatures.
src/App.jsx(90,83): error TS2604: JSX element type 'CartPage' does not have any construct or call signatures.
src/App.jsx(91,83): error TS2604: JSX element type 'CategoryPage' does not have any construct or call signatures.
src/App.jsx(92,89): error TS2604: JSX element type 'CategoryPage' does not have any construct or call signatures.
src/App.jsx(93,87): error TS2604: JSX element type 'CategoryPage' does not have any construct or call signatures.
src/App.jsx(94,93): error TS2604: JSX element type 'CategoryPage' does not have any construct or call signatures.
src/App.jsx(95,90): error TS2604: JSX element type 'ProductDetails' does not have any construct or call signatures.
src/App.jsx(96,84): error TS2604: JSX element type 'AboutPage' does not have any construct or call signatures.
src/App.jsx(97,91): error TS2604: JSX element type 'BestSellers' does not have any construct or call signatures.
src/App.jsx(98,87): error TS2604: JSX element type 'CheckoutPage' does not have any construct or call signatures.
src/App.jsx(99,92): error TS2604: JSX element type 'OrderSuccessPage' does not have any construct or call signatures.
src/App.jsx(102,86): error TS2604: JSX element type 'ContactPage' does not have any construct or call signatures.
src/App.jsx(103,90): error TS2604: JSX element type 'TrackOrderPage' does not have any construct or call signatures.
src/App.jsx(104,89): error TS2604: JSX element type 'SizeGuidePage' does not have any construct or call signatures.
src/App.jsx(105,83): error TS2604: JSX element type 'FaqPage' does not have any construct or call signatures.
src/App.jsx(107,94): error TS2604: JSX element type 'PaymentMethodsPage' does not have any construct or call signatures.
src/App.jsx(110,84): error TS2604: JSX element type 'TermsPage' does not have any construct or call signatures.
src/App.jsx(111,92): error TS2604: JSX element type 'ReturnPolicyPage' does not have any construct or call signatures.
src/App.jsx(113,94): error TS2604: JSX element type 'ShippingPolicyPage' does not have any construct or call signatures.
src/App.jsx(114,93): error TS2604: JSX element type 'PrivacyPolicyPage' does not have any construct or call signatures.
src/App.jsx(118,84): error TS2604: JSX element type 'Login' does not have any construct or call signatures.
src/App.jsx(119,85): error TS2604: JSX element type 'Signup' does not have any construct or call signatures.
src/App.jsx(120,87): error TS2604: JSX element type 'Register' does not have any construct or call signatures.
src/App.jsx(121,94): error TS2604: JSX element type 'ForgotPassword' does not have any construct or call signatures.
src/App.jsx(126,66): error TS2604: JSX element type 'Profile' does not have any construct or call signatures.
src/App.jsx(134,66): error TS2604: JSX element type 'Profile' does not have any construct or call signatures.
src/App.jsx(139,79): error TS2604: JSX element type 'NotFoundPage' does not have any construct or call signatures.
src/App.jsx(145,80): error TS2604: JSX element type 'AdminLayout' does not have any construct or call signatures.
src/App.jsx(146,87): error TS2604: JSX element type 'DashboardHome' does not have any construct or call signatures.
src/App.jsx(147,86): error TS2604: JSX element type 'ProductListPage' does not have any construct or call signatures.
src/App.jsx(148,94): error TS2604: JSX element type 'ProductEditPage' does not have any construct or call signatures.
src/App.jsx(149,84): error TS2604: JSX element type 'OrderListPage' does not have any construct or call signatures.
src/App.jsx(150,83): error TS2604: JSX element type 'UserListPage' does not have any construct or call signatures.
src/App.jsx(151,88): error TS2604: JSX element type 'CategoryListPage' does not have any construct or call signatures.
src/App.jsx(152,88): error TS2604: JSX element type 'NewsletterPage' does not have any construct or call signatures.
src/App.jsx(153,86): error TS2604: JSX element type 'AdminMessagesPage' does not have any construct or call signatures.
src/App.jsx(155,86): error TS2604: JSX element type 'SettingsPage' does not have any construct or call signatures.
src/components/NewArrivals.jsx(25,38): error TS2322: Type '{ key: any; product: any; }' is not assignable to type '{ product: any; }'.
  Property 'key' does not exist on type '{ product: any; }'.
src/components/ui/button.jsx(38,21): error TS2694: Namespace '"C:/Users/Prajwal/OneDrive/Desktop/Abaya/node_modules/react/index"."C:/Users/Prajwal/OneDrive/Desktop/Abaya/node_modules/react/index.js"' has no exported member 'ReactNode'.
src/components/ui/button.jsx(42,17): error TS2694: Namespace '"C:/Users/Prajwal/OneDrive/Desktop/Abaya/node_modules/react/index"."C:/Users/Prajwal/OneDrive/Desktop/Abaya/node_modules/react/index.js"' has no exported member 'ForwardRefExoticComponent'.
src/components/ui/button.jsx(42,63): error TS2694: Namespace '"C:/Users/Prajwal/OneDrive/Desktop/Abaya/node_modules/react/index"."C:/Users/Prajwal/OneDrive/Desktop/Abaya/node_modules/react/index.js"' has no exported member 'ButtonHTMLAttributes'.
src/components/ui/button.jsx(42,111): error TS2694: Namespace '"C:/Users/Prajwal/OneDrive/Desktop/Abaya/node_modules/react/index"."C:/Users/Prajwal/OneDrive/Desktop/Abaya/node_modules/react/index.js"' has no exported member 'RefAttributes'.
src/main.jsx(9,6): error TS2604: JSX element type 'StrictMode' does not have any construct or call signatures.
src/pages/CategoryPage.jsx(510,49): error TS2322: Type '{ key: any; product: any; }' is not assignable to type '{ product: any; }'.
  Property 'key' does not exist on type '{ product: any; }'.
src/pages/ProductDetails.jsx(154,27): error TS2339: Property 'success' does not exist on type 'AxiosResponse<any, any, {}>'.
src/pages/Register.jsx(86,32): error TS2339: Property 'success' does not exist on type 'AxiosResponse<any, any, {}>'.
src/pages/Register.jsx(86,52): error TS2339: Property 'user' does not exist on type 'AxiosResponse<any, any, {}>'.
src/pages/Register.jsx(87,62): error TS2339: Property 'user' does not exist on type 'AxiosResponse<any, any, {}>'.
src/pages/Register.jsx(88,22): error TS2339: Property 'token' does not exist on type 'AxiosResponse<any, any, {}>'.
src/pages/Register.jsx(89,50): error TS2339: Property 'token' does not exist on type 'AxiosResponse<any, any, {}>'.
src/pages/Register.jsx(92,44): error TS2339: Property 'user' does not exist on type 'AxiosResponse<any, any, {}>'.
